Archive member included to satisfy reference by file (symbol)

c:/program files/microchip/xc8/v2.31/avr/bin/../lib/gcc/avr/5.4.0/../../../../avr/lib/avrxmega3\libm.a(addsf3.o)
                              build/Default/production/src/i2c_master.o (__subsf3)
c:/program files/microchip/xc8/v2.31/avr/bin/../lib/gcc/avr/5.4.0/../../../../avr/lib/avrxmega3\libm.a(addsf3x.o)
                              c:/program files/microchip/xc8/v2.31/avr/bin/../lib/gcc/avr/5.4.0/../../../../avr/lib/avrxmega3\libm.a(addsf3.o) (__addsf3x)
c:/program files/microchip/xc8/v2.31/avr/bin/../lib/gcc/avr/5.4.0/../../../../avr/lib/avrxmega3\libm.a(divsf3.o)
                              build/Default/production/src/i2c_master.o (__divsf3)
c:/program files/microchip/xc8/v2.31/avr/bin/../lib/gcc/avr/5.4.0/../../../../avr/lib/avrxmega3\libm.a(divsf3x.o)
                              c:/program files/microchip/xc8/v2.31/avr/bin/../lib/gcc/avr/5.4.0/../../../../avr/lib/avrxmega3\libm.a(divsf3.o) (__divsf3x)
c:/program files/microchip/xc8/v2.31/avr/bin/../lib/gcc/avr/5.4.0/../../../../avr/lib/avrxmega3\libm.a(fixunssfsi.o)
                              build/Default/production/src/i2c_master.o (__fixunssfsi)
c:/program files/microchip/xc8/v2.31/avr/bin/../lib/gcc/avr/5.4.0/../../../../avr/lib/avrxmega3\libm.a(floatsisf.o)
                              build/Default/production/src/i2c_master.o (__floatunsisf)
c:/program files/microchip/xc8/v2.31/avr/bin/../lib/gcc/avr/5.4.0/../../../../avr/lib/avrxmega3\libm.a(fp_inf.o)
                              c:/program files/microchip/xc8/v2.31/avr/bin/../lib/gcc/avr/5.4.0/../../../../avr/lib/avrxmega3\libm.a(addsf3x.o) (__fp_inf)
c:/program files/microchip/xc8/v2.31/avr/bin/../lib/gcc/avr/5.4.0/../../../../avr/lib/avrxmega3\libm.a(fp_nan.o)
                              c:/program files/microchip/xc8/v2.31/avr/bin/../lib/gcc/avr/5.4.0/../../../../avr/lib/avrxmega3\libm.a(addsf3x.o) (__fp_nan)
c:/program files/microchip/xc8/v2.31/avr/bin/../lib/gcc/avr/5.4.0/../../../../avr/lib/avrxmega3\libm.a(fp_pscA.o)
                              c:/program files/microchip/xc8/v2.31/avr/bin/../lib/gcc/avr/5.4.0/../../../../avr/lib/avrxmega3\libm.a(addsf3x.o) (__fp_pscA)
c:/program files/microchip/xc8/v2.31/avr/bin/../lib/gcc/avr/5.4.0/../../../../avr/lib/avrxmega3\libm.a(fp_pscB.o)
                              c:/program files/microchip/xc8/v2.31/avr/bin/../lib/gcc/avr/5.4.0/../../../../avr/lib/avrxmega3\libm.a(addsf3x.o) (__fp_pscB)
c:/program files/microchip/xc8/v2.31/avr/bin/../lib/gcc/avr/5.4.0/../../../../avr/lib/avrxmega3\libm.a(fp_round.o)
                              c:/program files/microchip/xc8/v2.31/avr/bin/../lib/gcc/avr/5.4.0/../../../../avr/lib/avrxmega3\libm.a(addsf3.o) (__fp_round)
c:/program files/microchip/xc8/v2.31/avr/bin/../lib/gcc/avr/5.4.0/../../../../avr/lib/avrxmega3\libm.a(fp_split3.o)
                              c:/program files/microchip/xc8/v2.31/avr/bin/../lib/gcc/avr/5.4.0/../../../../avr/lib/avrxmega3\libm.a(addsf3x.o) (__fp_split3)
c:/program files/microchip/xc8/v2.31/avr/bin/../lib/gcc/avr/5.4.0/../../../../avr/lib/avrxmega3\libm.a(fp_zero.o)
                              c:/program files/microchip/xc8/v2.31/avr/bin/../lib/gcc/avr/5.4.0/../../../../avr/lib/avrxmega3\libm.a(addsf3x.o) (__fp_zero)
c:/program files/microchip/xc8/v2.31/avr/bin/../lib/gcc/avr/5.4.0/../../../../avr/lib/avrxmega3\libm.a(mulsf3.o)
                              build/Default/production/src/i2c_master.o (__mulsf3)
c:/program files/microchip/xc8/v2.31/avr/bin/../lib/gcc/avr/5.4.0/../../../../avr/lib/avrxmega3\libm.a(mulsf3x.o)
                              c:/program files/microchip/xc8/v2.31/avr/bin/../lib/gcc/avr/5.4.0/../../../../avr/lib/avrxmega3\libm.a(mulsf3.o) (__mulsf3x)
c:/program files/microchip/xc8/v2.31/avr/bin/../lib/gcc/avr/5.4.0/avrxmega3\libgcc.a(_udivmodhi4.o)
                              build/Default/production/cryptoauthlib/lib/atcacert/atcacert_def.o (__udivmodhi4)
c:/program files/microchip/xc8/v2.31/avr/bin/../lib/gcc/avr/5.4.0/avrxmega3\libgcc.a(_divmodhi4.o)
                              build/Default/production/cryptoauthlib/lib/atcacert/atcacert_date.o (__divmodhi4)
c:/program files/microchip/xc8/v2.31/avr/bin/../lib/gcc/avr/5.4.0/avrxmega3\libgcc.a(_udivmodsi4.o)
                              build/Default/production/cryptoauthlib/lib/atcacert/atcacert_date.o (__udivmodsi4)
c:/program files/microchip/xc8/v2.31/avr/bin/../lib/gcc/avr/5.4.0/avrxmega3\libgcc.a(_exit.o)
                              C:/Program Files/Microchip/xc8/v2.31/dfp/xc8/avr/lib/avrxmega3/crtatmega4808.o (exit)
c:/program files/microchip/xc8/v2.31/avr/bin/../lib/gcc/avr/5.4.0/avrxmega3\libgcc.a(_tablejump2.o)
                              build/Default/production/cryptoauthlib/lib/atcacert/atcacert_def.o (__tablejump2__)
c:/program files/microchip/xc8/v2.31/avr/bin/../lib/gcc/avr/5.4.0/avrxmega3\libgcc.a(_copy_data.o)
                              build/Default/production/cli/cli.o (__do_copy_data)
[...]
Memory Configuration

Name             Origin             Length             Attributes
text             0x0000000000000000 0x000000000000c000 xr
data             0x0000000000802800 0x0000000000001800 rw !x
eeprom           0x0000000000810000 0x0000000000000100 rw !x
fuse             0x0000000000820000 0x000000000000000a rw !x
lock             0x0000000000830000 0x0000000000000400 rw !x
signature        0x0000000000840000 0x0000000000000400 rw !x
user_signatures  0x0000000000850000 0x0000000000000400 rw !x
*default*        0x0000000000000000 0xffffffffffffffff

Linker script and memory map

Address of section .data set to 0x802800
                0x0000000000004000                __RODATA_PM_OFFSET__ = 0x4000
LOAD C:/Program Files/Microchip/xc8/v2.31/dfp/xc8/avr/lib/avrxmega3/crtatmega4808.o
                0x0000000000000001                __MPLAB_BUILD = 0x1
LOAD build/Default/production/cli/cli.o
LOAD build/Default/production/cloud/bsd_adapter/bsdWINC.o
LOAD build/Default/production/cloud/crypto_client/cryptoauthlib_main.o
LOAD build/Default/production/cloud/crypto_client/crypto_client.o
LOAD build/Default/production/cloud/mqtt_packetPopulation/mqtt_packetPopulate.o
LOAD build/Default/production/cloud/cloud_service.o
LOAD build/Default/production/cloud/wifi_service.o
LOAD build/Default/production/credentials_storage/credentials_storage.o
LOAD build/Default/production/cryptoauthlib/lib/atcacert/atcacert_client.o
LOAD build/Default/production/cryptoauthlib/lib/atcacert/atcacert_date.o
LOAD build/Default/production/cryptoauthlib/lib/atcacert/atcacert_def.o
LOAD build/Default/production/cryptoauthlib/lib/atcacert/atcacert_der.o
LOAD build/Default/production/cryptoauthlib/lib/atcacert/atcacert_host_hw.o
LOAD build/Default/production/cryptoauthlib/lib/atcacert/atcacert_host_sw.o
LOAD build/Default/production/cryptoauthlib/lib/basic/atca_basic.o
LOAD build/Default/production/cryptoauthlib/lib/basic/atca_basic_aes.o
LOAD build/Default/production/cryptoauthlib/lib/basic/atca_basic_checkmac.o
LOAD build/Default/production/cryptoauthlib/lib/basic/atca_basic_counter.o
LOAD build/Default/production/cryptoauthlib/lib/basic/atca_basic_derivekey.o
LOAD build/Default/production/cryptoauthlib/lib/basic/atca_basic_ecdh.o
LOAD build/Default/production/cryptoauthlib/lib/basic/atca_basic_gendig.o
LOAD build/Default/production/cryptoauthlib/lib/basic/atca_basic_genkey.o
LOAD build/Default/production/cryptoauthlib/lib/basic/atca_basic_hmac.o
LOAD build/Default/production/cryptoauthlib/lib/basic/atca_basic_info.o
LOAD build/Default/production/cryptoauthlib/lib/basic/atca_basic_kdf.o
LOAD build/Default/production/cryptoauthlib/lib/basic/atca_basic_lock.o
LOAD build/Default/production/cryptoauthlib/lib/basic/atca_basic_mac.o
LOAD build/Default/production/cryptoauthlib/lib/basic/atca_basic_nonce.o
LOAD build/Default/production/cryptoauthlib/lib/basic/atca_basic_privwrite.o
LOAD build/Default/production/cryptoauthlib/lib/basic/atca_basic_random.o
LOAD build/Default/production/cryptoauthlib/lib/basic/atca_basic_read.o
LOAD build/Default/production/cryptoauthlib/lib/basic/atca_basic_secureboot.o
LOAD build/Default/production/cryptoauthlib/lib/basic/atca_basic_selftest.o
LOAD build/Default/production/cryptoauthlib/lib/basic/atca_basic_sha.o
LOAD build/Default/production/cryptoauthlib/lib/basic/atca_basic_sign.o
LOAD build/Default/production/cryptoauthlib/lib/basic/atca_basic_updateextra.o
LOAD build/Default/production/cryptoauthlib/lib/basic/atca_basic_verify.o
LOAD build/Default/production/cryptoauthlib/lib/basic/atca_basic_write.o
LOAD build/Default/production/cryptoauthlib/lib/basic/atca_helpers.o
LOAD build/Default/production/cryptoauthlib/lib/crypto/hashes/sha1_routines.o
LOAD build/Default/production/cryptoauthlib/lib/crypto/hashes/sha2_routines.o
LOAD build/Default/production/cryptoauthlib/lib/crypto/atca_crypto_sw_ecdsa.o
LOAD build/Default/production/cryptoauthlib/lib/crypto/atca_crypto_sw_rand.o
LOAD build/Default/production/cryptoauthlib/lib/crypto/atca_crypto_sw_sha1.o
LOAD build/Default/production/cryptoauthlib/lib/crypto/atca_crypto_sw_sha2.o
LOAD build/Default/production/cryptoauthlib/lib/hal/atca_hal.o
LOAD build/Default/production/cryptoauthlib/lib/hal/hal_atmega4809_i2c.o
LOAD build/Default/production/cryptoauthlib/lib/hal/hal_atmega4809_timer.o
LOAD build/Default/production/cryptoauthlib/lib/host/atca_host.o
LOAD build/Default/production/cryptoauthlib/lib/jwt/atca_jwt.o
LOAD build/Default/production/cryptoauthlib/lib/tls/atcatls.o
LOAD build/Default/production/cryptoauthlib/lib/tls/atcatls_cfg.o
LOAD build/Default/production/cryptoauthlib/lib/atca_cfgs.o
LOAD build/Default/production/cryptoauthlib/lib/atca_command.o
LOAD build/Default/production/cryptoauthlib/lib/atca_device.o
LOAD build/Default/production/cryptoauthlib/lib/atca_execution.o
LOAD build/Default/production/cryptoauthlib/lib/atca_iface.o
LOAD build/Default/production/examples/src/adc_basic_example.o
LOAD build/Default/production/examples/src/i2c_master_example.o
LOAD build/Default/production/examples/src/pwm_basic_example.o
LOAD build/Default/production/examples/src/spi_basic_example.o
LOAD build/Default/production/examples/src/timeout_example.o
LOAD build/Default/production/examples/src/usart_basic_example.o
LOAD build/Default/production/mqtt/mqtt_comm_bsd/mqtt_comm_layer.o
LOAD build/Default/production/mqtt/mqtt_core/mqtt_core.o
LOAD build/Default/production/mqtt/mqtt_exchange_buffer/mqtt_exchange_buffer.o
LOAD build/Default/production/mqtt/mqtt_packetTransfer_interface.o
LOAD build/Default/production/src/driver_init.o
LOAD build/Default/production/src/adc_basic.o
LOAD build/Default/production/src/bod.o
LOAD build/Default/production/src/clkctrl.o
LOAD build/Default/production/src/cpuint.o
LOAD build/Default/production/src/i2c_master.o
LOAD build/Default/production/src/i2c_simple_master.o
LOAD build/Default/production/src/i2c_types.o
LOAD build/Default/production/src/protected_io.o
LOAD build/Default/production/src/pwm_basic.o
LOAD build/Default/production/src/slpctrl.o
LOAD build/Default/production/src/spi_basic.o
LOAD build/Default/production/src/timeout.o
LOAD build/Default/production/src/usart_basic.o
LOAD build/Default/production/winc/bsp/source/nm_bsp_mega.o
LOAD build/Default/production/winc/bus_wrapper/source/nm_bus_wrapper_mega.o
LOAD build/Default/production/winc/common/source/nm_common.o
LOAD build/Default/production/winc/driver/source/m2m_ate_mode.o
LOAD build/Default/production/winc/driver/source/m2m_crypto.o
LOAD build/Default/production/winc/driver/source/m2m_hif.o
LOAD build/Default/production/winc/driver/source/m2m_ota.o
LOAD build/Default/production/winc/driver/source/m2m_periph.o
LOAD build/Default/production/winc/driver/source/m2m_ssl.o
LOAD build/Default/production/winc/driver/source/m2m_wifi.o
LOAD build/Default/production/winc/driver/source/nmasic.o
LOAD build/Default/production/winc/driver/source/nmbus.o
LOAD build/Default/production/winc/driver/source/nmdrv.o
LOAD build/Default/production/winc/driver/source/nmi2c.o
LOAD build/Default/production/winc/driver/source/nmspi.o
LOAD build/Default/production/winc/driver/source/nmuart.o
LOAD build/Default/production/winc/socket/source/socket.o
LOAD build/Default/production/winc/spi_flash/source/spi_flash.o
LOAD build/Default/production/application_manager.o
LOAD build/Default/production/debug_print.o
LOAD build/Default/production/led.o
LOAD build/Default/production/main.o
LOAD build/Default/production/sensors_handling.o
LOAD build/Default/production/driver_isr.o
LOAD build/Default/production/atmel_start.o
START GROUP
LOAD c:/program files/microchip/xc8/v2.31/avr/bin/../lib/gcc/avr/5.4.0/../../../../avr/lib/avrxmega3\libm.a
END GROUP
START GROUP
LOAD c:/program files/microchip/xc8/v2.31/avr/bin/../lib/gcc/avr/5.4.0/avrxmega3\libgcc.a
LOAD c:/program files/microchip/xc8/v2.31/avr/bin/../lib/gcc/avr/5.4.0/../../../../avr/lib/avrxmega3\libm.a
LOAD c:/program files/microchip/xc8/v2.31/avr/bin/../lib/gcc/avr/5.4.0/../../../../avr/lib/avrxmega3\libc.a
LOAD C:/Program Files/Microchip/xc8/v2.31/dfp/xc8/avr/lib/avrxmega3\libatmega4808.a
END GROUP
                [0x0000000000000000]                __TEXT_REGION_ORIGIN__ = DEFINED (__TEXT_REGION_ORIGIN__)?__TEXT_REGION_ORIGIN__:0x0
                [0x0000000000802800]                __DATA_REGION_ORIGIN__ = DEFINED (__DATA_REGION_ORIGIN__)?__DATA_REGION_ORIGIN__:0x802000
                [0x000000000000c000]                __TEXT_REGION_LENGTH__ = DEFINED (__TEXT_REGION_LENGTH__)?__TEXT_REGION_LENGTH__:0x100000
                [0x0000000000001800]                __DATA_REGION_LENGTH__ = DEFINED (__DATA_REGION_LENGTH__)?__DATA_REGION_LENGTH__:0xffa0
                [0x0000000000000100]                __EEPROM_REGION_LENGTH__ = DEFINED (__EEPROM_REGION_LENGTH__)?__EEPROM_REGION_LENGTH__:0x10000
                [0x000000000000000a]                __FUSE_REGION_LENGTH__ = DEFINED (__FUSE_REGION_LENGTH__)?__FUSE_REGION_LENGTH__:0x400
                0x0000000000000400                __LOCK_REGION_LENGTH__ = DEFINED (__LOCK_REGION_LENGTH__)?__LOCK_REGION_LENGTH__:0x400
                0x0000000000000400                __SIGNATURE_REGION_LENGTH__ = DEFINED (__SIGNATURE_REGION_LENGTH__)?__SIGNATURE_REGION_LENGTH__:0x400
                0x0000000000000400                __USER_SIGNATURE_REGION_LENGTH__ = DEFINED (__USER_SIGNATURE_REGION_LENGTH__)?__USER_SIGNATURE_REGION_LENGTH__:0x400
                0x0000000000008000                __RODATA_PM_OFFSET__ = DEFINED (__RODATA_PM_OFFSET__)?__RODATA_PM_OFFSET__:0x8000

.hash
 *(.hash)

.dynsym
 *(.dynsym)

.dynstr
 *(.dynstr)

.gnu.version
 *(.gnu.version)

.gnu.version_d
 *(.gnu.version_d)

.gnu.version_r
 *(.gnu.version_r)

.rel.init
 *(.rel.init)

.rela.init
 *(.rela.init)

.rel.text
 *(.rel.text)
 *(.rel.text.*)
 *(.rel.gnu.linkonce.t*)

.rela.text
 *(.rela.text)
 *(.rela.text.*)
 *(.rela.gnu.linkonce.t*)

.rel.fini
 *(.rel.fini)

.rela.fini
 *(.rela.fini)

.rel.rodata
 *(.rel.rodata)
 *(.rel.rodata.*)
 *(.rel.gnu.linkonce.r*)

.rela.rodata
 *(.rela.rodata)
 *(.rela.rodata.*)
 *(.rela.gnu.linkonce.r*)

.rel.data
 *(.rel.data)
 *(.rel.data.*)
 *(.rel.gnu.linkonce.d*)

.rela.data
 *(.rela.data)
 *(.rela.data.*)
 *(.rela.gnu.linkonce.d*)

.rel.ctors
 *(.rel.ctors)

.rela.ctors
 *(.rela.ctors)

.rel.dtors
 *(.rel.dtors)

.rela.dtors
 *(.rela.dtors)

.rel.got
 *(.rel.got)

.rela.got
 *(.rela.got)

.rel.bss
 *(.rel.bss)

.rela.bss
 *(.rela.bss)

.rel.plt
 *(.rel.plt)

.rela.plt
 *(.rela.plt)

.text           0x0000000000000000      0x182
 *(.vectors)
 .vectors       0x0000000000000000       0x90 C:/Program Files/Microchip/xc8/v2.31/dfp/xc8/avr/lib/avrxmega3/crtatmega4808.o
                0x0000000000000000                __vector_default
                0x0000000000000000                __vectors
 *(.vectors)
 *(.progmem.gcc*)
 .progmem.gcc_sw_table.hif_register_cb
                0x0000000000000090        0xe build/Default/production/winc/driver/source/m2m_hif.o
 .progmem.gcc_sw_table.spi_cmd
                0x000000000000009e       0x1e build/Default/production/winc/driver/source/nmspi.o
 *(.dinit)
 .dinit         0x00000000000000bc       0x71 data_init
                0x000000000000012e                . = ALIGN (0x2)
 *fill*         0x000000000000012d        0x1 
                0x000000000000012e                __trampolines_start = .
 *(.trampolines)
 .trampolines   0x000000000000012e        0x0 linker stubs
 *(.trampolines*)
                0x000000000000012e                __trampolines_end = .
 *libprintf_flt.a:*(.progmem.data)
 *libc.a:*(.progmem.data)
                0x000000000000012e                . = ALIGN (0x2)
 *(.jumptables)
 *(.jumptables*)
 *(.lowtext)
 *(.lowtext*)
                0x000000000000012e                __ctors_start = .
 *(.ctors)
                0x000000000000012e                __ctors_end = .
                0x000000000000012e                __dtors_start = .
 *(.dtors)
                0x000000000000012e                __dtors_end = .
 SORT(*)(.ctors)
 SORT(*)(.dtors)
 *(.init0)
 .init0         0x000000000000012e        0x0 C:/Program Files/Microchip/xc8/v2.31/dfp/xc8/avr/lib/avrxmega3/crtatmega4808.o
                0x000000000000012e                __init
 *(.init0)
 *(.init1)
 *(.init1)
 *(.init2)
 .init2         0x000000000000012e        0xc C:/Program Files/Microchip/xc8/v2.31/dfp/xc8/avr/lib/avrxmega3/crtatmega4808.o
 *(.init2)
 *(.init3)
 *(.init3)
 *(.init4)
 .init4         0x000000000000013a       0x3c c:/program files/microchip/xc8/v2.31/avr/bin/../lib/gcc/avr/5.4.0/avrxmega3\libgcc.a(_copy_data.o)
                0x000000000000013a                __do_copy_data
                0x0000000000000168                __do_clear_bss
 *(.init4)
 *(.init5)
 *(.init5)
 *(.init6)
 *(.init6)
 *(.init7)
 *(.init7)
 *(.init8)
 *(.init8)
 *(.init9)
 .init9         0x0000000000000176        0x8 C:/Program Files/Microchip/xc8/v2.31/dfp/xc8/avr/lib/avrxmega3/crtatmega4808.o
 *(.init9)
                0x000000000000017e                . = ALIGN (0x2)
 *(.fini9)
 .fini9         0x000000000000017e        0x0 c:/program files/microchip/xc8/v2.31/avr/bin/../lib/gcc/avr/5.4.0/avrxmega3\libgcc.a(_exit.o)
                0x000000000000017e                _exit
                0x000000000000017e                exit
 *(.fini9)
 *(.fini8)
 *(.fini8)
 *(.fini7)
 *(.fini7)
 *(.fini6)
 *(.fini6)
 *(.fini5)
 *(.fini5)
 *(.fini4)
 *(.fini4)
 *(.fini3)
 *(.fini3)
 *(.fini2)
 *(.fini2)
 *(.fini1)
 *(.fini1)
 *(.fini0)
 .fini0         0x000000000000017e        0x4 c:/program files/microchip/xc8/v2.31/avr/bin/../lib/gcc/avr/5.4.0/avrxmega3\libgcc.a(_exit.o)
 *(.fini0)
                0x0000000000000182                _etext = .

.data           0x0000000000802800        0x0 load address 0x0000000000000182
                [!provide]                        PROVIDE (__data_start, .)
 *(.gnu.linkonce.d*)
                0x0000000000802800                . = ALIGN (0x2)
                0x0000000000802800                _edata = .
                [!provide]                        PROVIDE (__data_end, .)

.bss            0x0000000000802800      0x45e
                [!provide]                        PROVIDE (__bss_start, .)
 *(COMMON)
 COMMON         0x0000000000802800       0x17 build/Default/production/cloud/crypto_client/cryptoauthlib_main.o
                0x0000000000802800                _gmyIface
                0x0000000000802813                _gmyCommand
 COMMON         0x0000000000802817        0x9 build/Default/production/cloud/crypto_client/crypto_client.o
                0x0000000000802817                g_serial_number
 COMMON         0x0000000000802820      0x252 build/Default/production/cloud/mqtt_packetPopulation/mqtt_packetPopulate.o
                0x0000000000802820                mqttTopic
                0x0000000000802846                mqttPassword
                0x0000000000802a0e                cid
 COMMON         0x0000000000802a72       0x94 build/Default/production/cloud/cloud_service.o
                0x0000000000802a72                mqttSubscribeTopic
                0x0000000000802ad6                imqtt_publishReceiveCallBackTable
                0x0000000000802ada                mqttGoogleApisComIP
                0x0000000000802ade                deviceId
                0x0000000000802afc                cloud_packetReceiveCallBackTable
 COMMON         0x0000000000802b06        0x2 build/Default/production/cloud/wifi_service.o
                0x0000000000802b06                callback_funcPtr
 COMMON         0x0000000000802b08       0x40 build/Default/production/credentials_storage/credentials_storage.o
                0x0000000000802b08                ssid
                0x0000000000802b27                pass
                0x0000000000802b46                authType
 COMMON         0x0000000000802b48       0x1b build/Default/production/cryptoauthlib/lib/basic/atca_basic.o
                0x0000000000802b48                g_atcab_device
                0x0000000000802b4c                g_atcab_iface
                0x0000000000802b5f                g_atcab_command
 COMMON         0x0000000000802b63        0x2 build/Default/production/mqtt/mqtt_packetTransfer_interface.o
                0x0000000000802b63                publishRecvInfo
 COMMON         0x0000000000802b65        0xa build/Default/production/src/timeout.o
                0x0000000000802b65                scheduler_dummy
 COMMON         0x0000000000802b6f       0x1a build/Default/production/winc/driver/source/m2m_hif.o
                0x0000000000802b6f                gstrHifCxt
 COMMON         0x0000000000802b89       0x83 build/Default/production/winc/socket/source/socket.o
                0x0000000000802b89                gu16BufferSize
                0x0000000000802b8b                gsockerrno
                0x0000000000802b8c                gu8OpCode
                0x0000000000802b8d                gastrSockets
                0x0000000000802c06                gpfAppSocketCb
                0x0000000000802c08                gfpPingCb
                0x0000000000802c0a                gpfAppResolveCb
 COMMON         0x0000000000802c0c       0x12 build/Default/production/application_manager.o
                0x0000000000802c0c                retValCryptoClientSerialNumber
                0x0000000000802c0d                liquidLevel
                0x0000000000802c0e                liquidLevelAverage
                0x0000000000802c0f                liquidLevelRaw
                0x0000000000802c10                temp
                0x0000000000802c15                dispenseAmountCmd
                0x0000000000802c16                buttonInputRaw
                0x0000000000802c17                buttonStopInput
                0x0000000000802c18                tempTotal
                0x0000000000802c1a                shared_networking_params
                0x0000000000802c1b                pumpPWM
                0x0000000000802c1d                liquidLevelVal
 COMMON         0x0000000000802c1e       0x30 build/Default/production/sensors_handling.o
                0x0000000000802c1e                Qt2120Status
                0x0000000000802c22                setup_block
 COMMON         0x0000000000802c4e        0x6 c:/program files/microchip/xc8/v2.31/avr/bin/../lib/gcc/avr/5.4.0/../../../../avr/lib/avrxmega3\libc.a(iob.o)
                0x0000000000802c4e                __iob
 COMMON         0x0000000000802c54        0x4 c:/program files/microchip/xc8/v2.31/avr/bin/../lib/gcc/avr/5.4.0/../../../../avr/lib/avrxmega3\libc.a(system_time.o)
                0x0000000000802c54                __system_time
 COMMON         0x0000000000802c58        0x4 c:/program files/microchip/xc8/v2.31/avr/bin/../lib/gcc/avr/5.4.0/../../../../avr/lib/avrxmega3\libc.a(utc_offset.o)
                0x0000000000802c58                __utc_offset
 COMMON         0x0000000000802c5c        0x2 c:/program files/microchip/xc8/v2.31/avr/bin/../lib/gcc/avr/5.4.0/../../../../avr/lib/avrxmega3\libc.a(dst_pointer.o)
                0x0000000000802c5c                __dst_ptr
                [!provide]                        PROVIDE (__bss_end, .)
                0x0000000000000182                __data_load_start = LOADADDR (.data)
                0x0000000000000182                __data_load_end = (__data_load_start + SIZEOF (.data))

.noinit         0x0000000000802c5e        0x0
                [!provide]                        PROVIDE (__noinit_start, .)
 *(.noinit*)
                [!provide]                        PROVIDE (__noinit_end, .)
                0x0000000000802c5e                _end = .

.eeprom         0x0000000000810000        0x0
 *(.eeprom*)
                0x0000000000810000                __eeprom_end = .

.fuse
 *(.fuse)
 *(.lfuse)
 *(.hfuse)
 *(.efuse)

.lock
 *(.lock*)

.signature
 *(.signature*)

.user_signatures
 *(.user_signatures*)

.stab
 *(.stab)

.stabstr
 *(.stabstr)

.stab.excl
 *(.stab.excl)

.stab.exclstr
 *(.stab.exclstr)

.stab.index
 *(.stab.index)

.stab.indexstr
 *(.stab.indexstr)

.comment        0x0000000000000000       0x5b
 *(.comment)
 .comment       0x0000000000000000       0x2f build/Default/production/cli/cli.o
                                         0x30 (size before relaxing)
 .comment       0x000000000000002f       0x30 build/Default/production/cloud/bsd_adapter/bsdWINC.o
 .comment       0x000000000000002f       0x30 build/Default/production/cloud/crypto_client/cryptoauthlib_main.o
 .comment       0x000000000000002f       0x30 build/Default/production/cloud/crypto_client/crypto_client.o
 .comment       0x000000000000002f       0x30 build/Default/production/cloud/mqtt_packetPopulation/mqtt_packetPopulate.o
 .comment       0x000000000000002f       0x30 build/Default/production/cloud/cloud_service.o
 .comment       0x000000000000002f       0x30 build/Default/production/cloud/wifi_service.o
 .comment       0x000000000000002f       0x30 build/Default/production/credentials_storage/credentials_storage.o
 .comment       0x000000000000002f       0x30 build/Default/production/cryptoauthlib/lib/basic/atca_basic.o
 .comment       0x000000000000002f       0x30 build/Default/production/cryptoauthlib/lib/basic/atca_basic_genkey.o
 .comment       0x000000000000002f       0x30 build/Default/production/cryptoauthlib/lib/basic/atca_basic_lock.o
 .comment       0x000000000000002f       0x30 build/Default/production/cryptoauthlib/lib/basic/atca_basic_nonce.o
 .comment       0x000000000000002f       0x30 build/Default/production/cryptoauthlib/lib/basic/atca_basic_random.o
 .comment       0x000000000000002f       0x30 build/Default/production/cryptoauthlib/lib/basic/atca_basic_read.o
 .comment       0x000000000000002f       0x30 build/Default/production/cryptoauthlib/lib/basic/atca_basic_sign.o
 .comment       0x000000000000002f       0x30 build/Default/production/cryptoauthlib/lib/basic/atca_helpers.o
 .comment       0x000000000000002f       0x30 build/Default/production/cryptoauthlib/lib/crypto/hashes/sha2_routines.o
 .comment       0x000000000000002f       0x30 build/Default/production/cryptoauthlib/lib/crypto/atca_crypto_sw_sha2.o
 .comment       0x000000000000002f       0x30 build/Default/production/cryptoauthlib/lib/hal/atca_hal.o
 .comment       0x000000000000002f       0x30 build/Default/production/cryptoauthlib/lib/hal/hal_atmega4809_i2c.o
 .comment       0x000000000000002f       0x30 build/Default/production/cryptoauthlib/lib/hal/hal_atmega4809_timer.o
 .comment       0x000000000000002f       0x30 build/Default/production/cryptoauthlib/lib/jwt/atca_jwt.o
 .comment       0x000000000000002f       0x30 build/Default/production/cryptoauthlib/lib/tls/atcatls.o
 .comment       0x000000000000002f       0x30 build/Default/production/cryptoauthlib/lib/atca_command.o
 .comment       0x000000000000002f       0x30 build/Default/production/cryptoauthlib/lib/atca_device.o
 .comment       0x000000000000002f       0x30 build/Default/production/cryptoauthlib/lib/atca_execution.o
 .comment       0x000000000000002f       0x30 build/Default/production/cryptoauthlib/lib/atca_iface.o
 .comment       0x000000000000002f       0x30 build/Default/production/mqtt/mqtt_comm_bsd/mqtt_comm_layer.o
 .comment       0x000000000000002f       0x30 build/Default/production/mqtt/mqtt_core/mqtt_core.o
 .comment       0x000000000000002f       0x30 build/Default/production/mqtt/mqtt_exchange_buffer/mqtt_exchange_buffer.o
 .comment       0x000000000000002f       0x30 build/Default/production/mqtt/mqtt_packetTransfer_interface.o
 .comment       0x000000000000002f       0x30 build/Default/production/src/driver_init.o
 .comment       0x000000000000002f       0x30 build/Default/production/src/adc_basic.o
 .comment       0x000000000000002f       0x30 build/Default/production/src/bod.o
 .comment       0x000000000000002f       0x30 build/Default/production/src/clkctrl.o
 .comment       0x000000000000002f       0x30 build/Default/production/src/cpuint.o
 .comment       0x000000000000002f       0x30 build/Default/production/src/i2c_master.o
 .comment       0x000000000000002f       0x30 build/Default/production/src/i2c_simple_master.o
 .comment       0x000000000000002f       0x30 build/Default/production/src/i2c_types.o
 .comment       0x000000000000002f       0x30 build/Default/production/src/pwm_basic.o
 .comment       0x000000000000002f       0x30 build/Default/production/src/slpctrl.o
 .comment       0x000000000000002f       0x30 build/Default/production/src/spi_basic.o
 .comment       0x000000000000002f       0x30 build/Default/production/src/timeout.o
 .comment       0x000000000000002f       0x30 build/Default/production/src/usart_basic.o
 .comment       0x000000000000002f       0x30 build/Default/production/winc/bsp/source/nm_bsp_mega.o
 .comment       0x000000000000002f       0x30 build/Default/production/winc/bus_wrapper/source/nm_bus_wrapper_mega.o
 .comment       0x000000000000002f       0x30 build/Default/production/winc/common/source/nm_common.o
 .comment       0x000000000000002f       0x30 build/Default/production/winc/driver/source/m2m_hif.o
 .comment       0x000000000000002f       0x30 build/Default/production/winc/driver/source/m2m_wifi.o
 .comment       0x000000000000002f       0x30 build/Default/production/winc/driver/source/nmasic.o
 .comment       0x000000000000002f       0x30 build/Default/production/winc/driver/source/nmbus.o
 .comment       0x000000000000002f       0x30 build/Default/production/winc/driver/source/nmdrv.o
 .comment       0x000000000000002f       0x30 build/Default/production/winc/driver/source/nmspi.o
 .comment       0x000000000000002f       0x30 build/Default/production/winc/socket/source/socket.o
 .comment       0x000000000000002f       0x30 build/Default/production/winc/spi_flash/source/spi_flash.o
 .comment       0x000000000000002f       0x30 build/Default/production/application_manager.o
 .comment       0x000000000000002f       0x30 build/Default/production/debug_print.o
 .comment       0x000000000000002f       0x30 build/Default/production/led.o
 .comment       0x000000000000002f       0x30 build/Default/production/main.o
 .comment       0x000000000000002f       0x30 build/Default/production/sensors_handling.o
 .comment       0x000000000000002f       0x30 build/Default/production/atmel_start.o
 .comment       0x000000000000002f       0x2c c:/program files/microchip/xc8/v2.31/avr/bin/../lib/gcc/avr/5.4.0/../../../../avr/lib/avrxmega3\libc.a(atoi_M.o)
                                         0x2d (size before relaxing)
 .comment       0x000000000000005b       0x2d c:/program files/microchip/xc8/v2.31/avr/bin/../lib/gcc/avr/5.4.0/../../../../avr/lib/avrxmega3\libc.a(strtok.o)
 .comment       0x000000000000005b       0x2d c:/program files/microchip/xc8/v2.31/avr/bin/../lib/gcc/avr/5.4.0/../../../../avr/lib/avrxmega3\libc.a(iob.o)
 .comment       0x000000000000005b       0x2d c:/program files/microchip/xc8/v2.31/avr/bin/../lib/gcc/avr/5.4.0/../../../../avr/lib/avrxmega3\libc.a(printf.o)
 .comment       0x000000000000005b       0x2d c:/program files/microchip/xc8/v2.31/avr/bin/../lib/gcc/avr/5.4.0/../../../../avr/lib/avrxmega3\libc.a(putchar.o)
 .comment       0x000000000000005b       0x2d c:/program files/microchip/xc8/v2.31/avr/bin/../lib/gcc/avr/5.4.0/../../../../avr/lib/avrxmega3\libc.a(puts.o)
 .comment       0x000000000000005b       0x2d c:/program files/microchip/xc8/v2.31/avr/bin/../lib/gcc/avr/5.4.0/../../../../avr/lib/avrxmega3\libc.a(snprintf.o)
 .comment       0x000000000000005b       0x2d c:/program files/microchip/xc8/v2.31/avr/bin/../lib/gcc/avr/5.4.0/../../../../avr/lib/avrxmega3\libc.a(sprintf.o)
 .comment       0x000000000000005b       0x2d c:/program files/microchip/xc8/v2.31/avr/bin/../lib/gcc/avr/5.4.0/../../../../avr/lib/avrxmega3\libc.a(vprintf.o)
 .comment       0x000000000000005b       0x2d c:/program files/microchip/xc8/v2.31/avr/bin/../lib/gcc/avr/5.4.0/../../../../avr/lib/avrxmega3\libc.a(difftime.o)
 .comment       0x000000000000005b       0x2d c:/program files/microchip/xc8/v2.31/avr/bin/../lib/gcc/avr/5.4.0/../../../../avr/lib/avrxmega3\libc.a(mktime.o)
 .comment       0x000000000000005b       0x2d c:/program files/microchip/xc8/v2.31/avr/bin/../lib/gcc/avr/5.4.0/../../../../avr/lib/avrxmega3\libc.a(set_system_time.o)
 .comment       0x000000000000005b       0x2d c:/program files/microchip/xc8/v2.31/avr/bin/../lib/gcc/avr/5.4.0/../../../../avr/lib/avrxmega3\libc.a(system_time.o)
 .comment       0x000000000000005b       0x2d c:/program files/microchip/xc8/v2.31/avr/bin/../lib/gcc/avr/5.4.0/../../../../avr/lib/avrxmega3\libc.a(time.o)
 .comment       0x000000000000005b       0x2d c:/program files/microchip/xc8/v2.31/avr/bin/../lib/gcc/avr/5.4.0/../../../../avr/lib/avrxmega3\libc.a(utc_offset.o)
 .comment       0x000000000000005b       0x2d c:/program files/microchip/xc8/v2.31/avr/bin/../lib/gcc/avr/5.4.0/../../../../avr/lib/avrxmega3\libc.a(vfprintf_std.o)
 .comment       0x000000000000005b       0x2d c:/program files/microchip/xc8/v2.31/avr/bin/../lib/gcc/avr/5.4.0/../../../../avr/lib/avrxmega3\libc.a(fputc.o)
 .comment       0x000000000000005b       0x2d c:/program files/microchip/xc8/v2.31/avr/bin/../lib/gcc/avr/5.4.0/../../../../avr/lib/avrxmega3\libc.a(dst_pointer.o)
 .comment       0x000000000000005b       0x2d c:/program files/microchip/xc8/v2.31/avr/bin/../lib/gcc/avr/5.4.0/../../../../avr/lib/avrxmega3\libc.a(localtime_r.o)
 .comment       0x000000000000005b       0x2d c:/program files/microchip/xc8/v2.31/avr/bin/../lib/gcc/avr/5.4.0/../../../../avr/lib/avrxmega3\libc.a(mk_gmtime.o)
 .comment       0x000000000000005b       0x2d c:/program files/microchip/xc8/v2.31/avr/bin/../lib/gcc/avr/5.4.0/../../../../avr/lib/avrxmega3\libc.a(gmtime_r.o)
 .comment       0x000000000000005b       0x2d c:/program files/microchip/xc8/v2.31/avr/bin/../lib/gcc/avr/5.4.0/../../../../avr/lib/avrxmega3\libc.a(isLeap.o)

.note.gnu.build-id
 *(.note.gnu.build-id)

.debug
 *(.debug)

.line
 *(.line)

.debug_srcinfo
 *(.debug_srcinfo)

.debug_sfnames
 *(.debug_sfnames)

.debug_aranges  0x0000000000000000     0x1810
 *(.debug_aranges)
 .debug_aranges
                0x0000000000000000       0x70 build/Default/production/cli/cli.o
 .debug_aranges
                0x0000000000000070       0xc8 build/Default/production/cloud/bsd_adapter/bsdWINC.o
 .debug_aranges
                0x0000000000000138       0x20 build/Default/production/cloud/crypto_client/cryptoauthlib_main.o
 .debug_aranges
                0x0000000000000158       0x30 build/Default/production/cloud/crypto_client/crypto_client.o
 .debug_aranges
                0x0000000000000188       0x30 build/Default/production/cloud/mqtt_packetPopulation/mqtt_packetPopulate.o
 .debug_aranges
                0x00000000000001b8       0x68 build/Default/production/cloud/cloud_service.o
 .debug_aranges
                0x0000000000000220       0x68 build/Default/production/cloud/wifi_service.o
 .debug_aranges
                0x0000000000000288       0x20 build/Default/production/credentials_storage/credentials_storage.o
 .debug_aranges
                0x00000000000002a8       0x70 build/Default/production/cryptoauthlib/lib/basic/atca_basic.o
 .debug_aranges
                0x0000000000000318       0x30 build/Default/production/cryptoauthlib/lib/basic/atca_basic_genkey.o
 .debug_aranges
                0x0000000000000348       0x48 build/Default/production/cryptoauthlib/lib/basic/atca_basic_lock.o
 .debug_aranges
                0x0000000000000390       0x38 build/Default/production/cryptoauthlib/lib/basic/atca_basic_nonce.o
 .debug_aranges
                0x00000000000003c8       0x20 build/Default/production/cryptoauthlib/lib/basic/atca_basic_random.o
 .debug_aranges
                0x00000000000003e8       0x68 build/Default/production/cryptoauthlib/lib/basic/atca_basic_read.o
 .debug_aranges
                0x0000000000000450       0x30 build/Default/production/cryptoauthlib/lib/basic/atca_basic_sign.o
 .debug_aranges
                0x0000000000000480       0xd0 build/Default/production/cryptoauthlib/lib/basic/atca_helpers.o
 .debug_aranges
                0x0000000000000550       0x40 build/Default/production/cryptoauthlib/lib/crypto/hashes/sha2_routines.o
 .debug_aranges
                0x0000000000000590       0x38 build/Default/production/cryptoauthlib/lib/crypto/atca_crypto_sw_sha2.o
 .debug_aranges
                0x00000000000005c8       0x30 build/Default/production/cryptoauthlib/lib/hal/atca_hal.o
 .debug_aranges
                0x00000000000005f8       0x68 build/Default/production/cryptoauthlib/lib/hal/hal_atmega4809_i2c.o
 .debug_aranges
                0x0000000000000660       0x28 build/Default/production/cryptoauthlib/lib/hal/hal_atmega4809_timer.o
 .debug_aranges
                0x0000000000000688       0x48 build/Default/production/cryptoauthlib/lib/jwt/atca_jwt.o
 .debug_aranges
                0x00000000000006d0       0xe8 build/Default/production/cryptoauthlib/lib/tls/atcatls.o
 .debug_aranges
                0x00000000000007b8      0x110 build/Default/production/cryptoauthlib/lib/atca_command.o
 .debug_aranges
                0x00000000000008c8       0x38 build/Default/production/cryptoauthlib/lib/atca_device.o
 .debug_aranges
                0x0000000000000900       0x28 build/Default/production/cryptoauthlib/lib/atca_execution.o
 .debug_aranges
                0x0000000000000928       0x70 build/Default/production/cryptoauthlib/lib/atca_iface.o
 .debug_aranges
                0x0000000000000998       0x40 build/Default/production/mqtt/mqtt_comm_bsd/mqtt_comm_layer.o
 .debug_aranges
                0x00000000000009d8       0x98 build/Default/production/mqtt/mqtt_core/mqtt_core.o
 .debug_aranges
                0x0000000000000a70       0x38 build/Default/production/mqtt/mqtt_exchange_buffer/mqtt_exchange_buffer.o
 .debug_aranges
                0x0000000000000aa8       0x28 build/Default/production/mqtt/mqtt_packetTransfer_interface.o
 .debug_aranges
                0x0000000000000ad0       0x50 build/Default/production/src/driver_init.o
 .debug_aranges
                0x0000000000000b20       0x58 build/Default/production/src/adc_basic.o
 .debug_aranges
                0x0000000000000b78       0x20 build/Default/production/src/bod.o
 .debug_aranges
                0x0000000000000b98       0x20 build/Default/production/src/clkctrl.o
 .debug_aranges
                0x0000000000000bb8       0x20 build/Default/production/src/cpuint.o
 .debug_aranges
                0x0000000000000bd8      0x128 build/Default/production/src/i2c_master.o
 .debug_aranges
                0x0000000000000d00       0x80 build/Default/production/src/i2c_simple_master.o
 .debug_aranges
                0x0000000000000d80       0x38 build/Default/production/src/i2c_types.o
 .debug_aranges
                0x0000000000000db8       0x20 build/Default/production/src/protected_io.o
 .debug_aranges
                0x0000000000000dd8       0x98 build/Default/production/src/pwm_basic.o
 .debug_aranges
                0x0000000000000e70       0x28 build/Default/production/src/slpctrl.o
 .debug_aranges
                0x0000000000000e98       0x50 build/Default/production/src/spi_basic.o
 .debug_aranges
                0x0000000000000ee8       0xa0 build/Default/production/src/timeout.o
 .debug_aranges
                0x0000000000000f88       0xa0 build/Default/production/src/usart_basic.o
 .debug_aranges
                0x0000000000001028       0x50 build/Default/production/winc/bsp/source/nm_bsp_mega.o
 .debug_aranges
                0x0000000000001078       0x38 build/Default/production/winc/bus_wrapper/source/nm_bus_wrapper_mega.o
 .debug_aranges
                0x00000000000010b0       0x50 build/Default/production/winc/common/source/nm_common.o
 .debug_aranges
                0x0000000000001100       0x90 build/Default/production/winc/driver/source/m2m_hif.o
 .debug_aranges
                0x0000000000001190      0x1c0 build/Default/production/winc/driver/source/m2m_wifi.o
 .debug_aranges
                0x0000000000001350       0xb0 build/Default/production/winc/driver/source/nmasic.o
 .debug_aranges
                0x0000000000001400       0x60 build/Default/production/winc/driver/source/nmbus.o
 .debug_aranges
                0x0000000000001460       0x48 build/Default/production/winc/driver/source/nmdrv.o
 .debug_aranges
                0x00000000000014a8       0x80 build/Default/production/winc/driver/source/nmspi.o
 .debug_aranges
                0x0000000000001528       0xc8 build/Default/production/winc/socket/source/socket.o
 .debug_aranges
                0x00000000000015f0       0x60 build/Default/production/winc/spi_flash/source/spi_flash.o
 .debug_aranges
                0x0000000000001650       0x50 build/Default/production/application_manager.o
 .debug_aranges
                0x00000000000016a0       0x38 build/Default/production/debug_print.o
 .debug_aranges
                0x00000000000016d8       0x78 build/Default/production/led.o
 .debug_aranges
                0x0000000000001750       0x30 build/Default/production/main.o
 .debug_aranges
                0x0000000000001780       0x70 build/Default/production/sensors_handling.o
 .debug_aranges
                0x00000000000017f0       0x20 build/Default/production/atmel_start.o

.debug_pubnames
 *(.debug_pubnames)

.debug_info     0x0000000000000000    0x40e60
 *(.debug_info .gnu.linkonce.wi.*)
 .debug_info    0x0000000000000000     0x229c C:/Program Files/Microchip/xc8/v2.31/dfp/xc8/avr/lib/avrxmega3/crtatmega4808.o
 .debug_info    0x000000000000229c      0xfb5 build/Default/production/cli/cli.o
 .debug_info    0x0000000000003251     0x24e6 build/Default/production/cloud/bsd_adapter/bsdWINC.o
 .debug_info    0x0000000000005737      0xca7 build/Default/production/cloud/crypto_client/cryptoauthlib_main.o
 .debug_info    0x00000000000063de      0xf62 build/Default/production/cloud/crypto_client/crypto_client.o
 .debug_info    0x0000000000007340      0x910 build/Default/production/cloud/mqtt_packetPopulation/mqtt_packetPopulate.o
 .debug_info    0x0000000000007c50     0x1969 build/Default/production/cloud/cloud_service.o
 .debug_info    0x00000000000095b9     0x1c41 build/Default/production/cloud/wifi_service.o
 .debug_info    0x000000000000b1fa      0x2f3 build/Default/production/credentials_storage/credentials_storage.o
 .debug_info    0x000000000000b4ed     0x11e4 build/Default/production/cryptoauthlib/lib/basic/atca_basic.o
 .debug_info    0x000000000000c6d1      0xe66 build/Default/production/cryptoauthlib/lib/basic/atca_basic_genkey.o
 .debug_info    0x000000000000d537      0xeae build/Default/production/cryptoauthlib/lib/basic/atca_basic_lock.o
 .debug_info    0x000000000000e3e5      0xf33 build/Default/production/cryptoauthlib/lib/basic/atca_basic_nonce.o
 .debug_info    0x000000000000f318      0xd00 build/Default/production/cryptoauthlib/lib/basic/atca_basic_random.o
 .debug_info    0x0000000000010018     0x1b5f build/Default/production/cryptoauthlib/lib/basic/atca_basic_read.o
 .debug_info    0x0000000000011b77      0xf25 build/Default/production/cryptoauthlib/lib/basic/atca_basic_sign.o
 .debug_info    0x0000000000012a9c     0x180a build/Default/production/cryptoauthlib/lib/basic/atca_helpers.o
 .debug_info    0x00000000000142a6      0x81f build/Default/production/cryptoauthlib/lib/crypto/hashes/sha2_routines.o
 .debug_info    0x0000000000014ac5      0x92b build/Default/production/cryptoauthlib/lib/crypto/atca_crypto_sw_sha2.o
 .debug_info    0x00000000000153f0      0xd4e build/Default/production/cryptoauthlib/lib/hal/atca_hal.o
 .debug_info    0x000000000001613e     0x10e6 build/Default/production/cryptoauthlib/lib/hal/hal_atmega4809_i2c.o
 .debug_info    0x0000000000017224      0x3bb build/Default/production/cryptoauthlib/lib/hal/hal_atmega4809_timer.o
 .debug_info    0x00000000000175df      0xbe5 build/Default/production/cryptoauthlib/lib/jwt/atca_jwt.o
 .debug_info    0x00000000000181c4     0x2580 build/Default/production/cryptoauthlib/lib/tls/atcatls.o
 .debug_info    0x000000000001a744     0x1435 build/Default/production/cryptoauthlib/lib/atca_command.o
 .debug_info    0x000000000001bb79      0xcdc build/Default/production/cryptoauthlib/lib/atca_device.o
 .debug_info    0x000000000001c855      0xfdd build/Default/production/cryptoauthlib/lib/atca_execution.o
 .debug_info    0x000000000001d832      0xfcd build/Default/production/cryptoauthlib/lib/atca_iface.o
 .debug_info    0x000000000001e7ff      0x6ef build/Default/production/mqtt/mqtt_comm_bsd/mqtt_comm_layer.o
 .debug_info    0x000000000001eeee     0x319a build/Default/production/mqtt/mqtt_core/mqtt_core.o
 .debug_info    0x0000000000022088      0x4f1 build/Default/production/mqtt/mqtt_exchange_buffer/mqtt_exchange_buffer.o
 .debug_info    0x0000000000022579      0x40e build/Default/production/mqtt/mqtt_packetTransfer_interface.o
 .debug_info    0x0000000000022987     0x21ce build/Default/production/src/driver_init.o
 .debug_info    0x0000000000024b55      0x9ee build/Default/production/src/adc_basic.o
 .debug_info    0x0000000000025543      0x3be build/Default/production/src/bod.o
 .debug_info    0x0000000000025901      0x5cc build/Default/production/src/clkctrl.o
 .debug_info    0x0000000000025ecd      0x265 build/Default/production/src/cpuint.o
 .debug_info    0x0000000000026132     0x160a build/Default/production/src/i2c_master.o
 .debug_info    0x000000000002773c      0xdab build/Default/production/src/i2c_simple_master.o
 .debug_info    0x00000000000284e7      0x38c build/Default/production/src/i2c_types.o
 .debug_info    0x0000000000028873       0x75 build/Default/production/src/protected_io.o
 .debug_info    0x00000000000288e8      0xe3e build/Default/production/src/pwm_basic.o
 .debug_info    0x0000000000029726      0x3af build/Default/production/src/slpctrl.o
 .debug_info    0x0000000000029ad5      0x5cf build/Default/production/src/spi_basic.o
 .debug_info    0x000000000002a0a4     0x12a2 build/Default/production/src/timeout.o
 .debug_info    0x000000000002b346      0xacd build/Default/production/src/usart_basic.o
 .debug_info    0x000000000002be13     0x1076 build/Default/production/winc/bsp/source/nm_bsp_mega.o
 .debug_info    0x000000000002ce89      0xd38 build/Default/production/winc/bus_wrapper/source/nm_bus_wrapper_mega.o
 .debug_info    0x000000000002dbc1      0x56c build/Default/production/winc/common/source/nm_common.o
 .debug_info    0x000000000002e12d      0xfdb build/Default/production/winc/driver/source/m2m_hif.o
 .debug_info    0x000000000002f108     0x4cbb build/Default/production/winc/driver/source/m2m_wifi.o
 .debug_info    0x0000000000033dc3     0x1532 build/Default/production/winc/driver/source/nmasic.o
 .debug_info    0x00000000000352f5      0x850 build/Default/production/winc/driver/source/nmbus.o
 .debug_info    0x0000000000035b45      0xafe build/Default/production/winc/driver/source/nmdrv.o
 .debug_info    0x0000000000036643     0x185d build/Default/production/winc/driver/source/nmspi.o
 .debug_info    0x0000000000037ea0     0x2bb2 build/Default/production/winc/socket/source/socket.o
 .debug_info    0x000000000003aa52     0x195d build/Default/production/winc/spi_flash/source/spi_flash.o
 .debug_info    0x000000000003c3af     0x14d4 build/Default/production/application_manager.o
 .debug_info    0x000000000003d883      0x6e0 build/Default/production/debug_print.o
 .debug_info    0x000000000003df63      0xff9 build/Default/production/led.o
 .debug_info    0x000000000003ef5c      0x6c0 build/Default/production/main.o
 .debug_info    0x000000000003f61c     0x15c6 build/Default/production/sensors_handling.o
 .debug_info    0x0000000000040be2      0x27e build/Default/production/atmel_start.o

.debug_abbrev   0x0000000000000000     0x9abf
 *(.debug_abbrev)
 .debug_abbrev  0x0000000000000000     0x20c2 C:/Program Files/Microchip/xc8/v2.31/dfp/xc8/avr/lib/avrxmega3/crtatmega4808.o
 .debug_abbrev  0x00000000000020c2      0x3bb build/Default/production/cli/cli.o
 .debug_abbrev  0x000000000000247d      0x41a build/Default/production/cloud/bsd_adapter/bsdWINC.o
 .debug_abbrev  0x0000000000002897      0x154 build/Default/production/cloud/crypto_client/cryptoauthlib_main.o
 .debug_abbrev  0x00000000000029eb      0x18d build/Default/production/cloud/crypto_client/crypto_client.o
 .debug_abbrev  0x0000000000002b78      0x15d build/Default/production/cloud/mqtt_packetPopulation/mqtt_packetPopulate.o
 .debug_abbrev  0x0000000000002cd5      0x42e build/Default/production/cloud/cloud_service.o
 .debug_abbrev  0x0000000000003103      0x299 build/Default/production/cloud/wifi_service.o
 .debug_abbrev  0x000000000000339c       0x5c build/Default/production/credentials_storage/credentials_storage.o
 .debug_abbrev  0x00000000000033f8      0x2bb build/Default/production/cryptoauthlib/lib/basic/atca_basic.o
 .debug_abbrev  0x00000000000036b3      0x18a build/Default/production/cryptoauthlib/lib/basic/atca_basic_genkey.o
 .debug_abbrev  0x000000000000383d      0x187 build/Default/production/cryptoauthlib/lib/basic/atca_basic_lock.o
 .debug_abbrev  0x00000000000039c4      0x19e build/Default/production/cryptoauthlib/lib/basic/atca_basic_nonce.o
 .debug_abbrev  0x0000000000003b62      0x158 build/Default/production/cryptoauthlib/lib/basic/atca_basic_random.o
 .debug_abbrev  0x0000000000003cba      0x341 build/Default/production/cryptoauthlib/lib/basic/atca_basic_read.o
 .debug_abbrev  0x0000000000003ffb      0x1c7 build/Default/production/cryptoauthlib/lib/basic/atca_basic_sign.o
 .debug_abbrev  0x00000000000041c2      0x33c build/Default/production/cryptoauthlib/lib/basic/atca_helpers.o
 .debug_abbrev  0x00000000000044fe      0x159 build/Default/production/cryptoauthlib/lib/crypto/hashes/sha2_routines.o
 .debug_abbrev  0x0000000000004657      0x174 build/Default/production/cryptoauthlib/lib/crypto/atca_crypto_sw_sha2.o
 .debug_abbrev  0x00000000000047cb      0x1aa build/Default/production/cryptoauthlib/lib/hal/atca_hal.o
 .debug_abbrev  0x0000000000004975      0x240 build/Default/production/cryptoauthlib/lib/hal/hal_atmega4809_i2c.o
 .debug_abbrev  0x0000000000004bb5      0x10d build/Default/production/cryptoauthlib/lib/hal/hal_atmega4809_timer.o
 .debug_abbrev  0x0000000000004cc2      0x1d8 build/Default/production/cryptoauthlib/lib/jwt/atca_jwt.o
 .debug_abbrev  0x0000000000004e9a      0x2dd build/Default/production/cryptoauthlib/lib/tls/atcatls.o
 .debug_abbrev  0x0000000000005177      0x207 build/Default/production/cryptoauthlib/lib/atca_command.o
 .debug_abbrev  0x000000000000537e      0x147 build/Default/production/cryptoauthlib/lib/atca_device.o
 .debug_abbrev  0x00000000000054c5      0x186 build/Default/production/cryptoauthlib/lib/atca_execution.o
 .debug_abbrev  0x000000000000564b      0x1ca build/Default/production/cryptoauthlib/lib/atca_iface.o
 .debug_abbrev  0x0000000000005815      0x171 build/Default/production/mqtt/mqtt_comm_bsd/mqtt_comm_layer.o
 .debug_abbrev  0x0000000000005986      0x37d build/Default/production/mqtt/mqtt_core/mqtt_core.o
 .debug_abbrev  0x0000000000005d03       0xdf build/Default/production/mqtt/mqtt_exchange_buffer/mqtt_exchange_buffer.o
 .debug_abbrev  0x0000000000005de2       0xb5 build/Default/production/mqtt/mqtt_packetTransfer_interface.o
 .debug_abbrev  0x0000000000005e97      0x221 build/Default/production/src/driver_init.o
 .debug_abbrev  0x00000000000060b8      0x1ab build/Default/production/src/adc_basic.o
 .debug_abbrev  0x0000000000006263       0xa4 build/Default/production/src/bod.o
 .debug_abbrev  0x0000000000006307      0x10c build/Default/production/src/clkctrl.o
 .debug_abbrev  0x0000000000006413       0x46 build/Default/production/src/cpuint.o
 .debug_abbrev  0x0000000000006459      0x393 build/Default/production/src/i2c_master.o
 .debug_abbrev  0x00000000000067ec      0x143 build/Default/production/src/i2c_simple_master.o
 .debug_abbrev  0x000000000000692f       0x92 build/Default/production/src/i2c_types.o
 .debug_abbrev  0x00000000000069c1       0x14 build/Default/production/src/protected_io.o
 .debug_abbrev  0x00000000000069d5      0x193 build/Default/production/src/pwm_basic.o
 .debug_abbrev  0x0000000000006b68       0xcb build/Default/production/src/slpctrl.o
 .debug_abbrev  0x0000000000006c33      0x15c build/Default/production/src/spi_basic.o
 .debug_abbrev  0x0000000000006d8f      0x39f build/Default/production/src/timeout.o
 .debug_abbrev  0x000000000000712e      0x2bc build/Default/production/src/usart_basic.o
 .debug_abbrev  0x00000000000073ea      0x2c7 build/Default/production/winc/bsp/source/nm_bsp_mega.o
 .debug_abbrev  0x00000000000076b1      0x246 build/Default/production/winc/bus_wrapper/source/nm_bus_wrapper_mega.o
 .debug_abbrev  0x00000000000078f7      0x146 build/Default/production/winc/common/source/nm_common.o
 .debug_abbrev  0x0000000000007a3d      0x3e7 build/Default/production/winc/driver/source/m2m_hif.o
 .debug_abbrev  0x0000000000007e24      0x35b build/Default/production/winc/driver/source/m2m_wifi.o
 .debug_abbrev  0x000000000000817f      0x236 build/Default/production/winc/driver/source/nmasic.o
 .debug_abbrev  0x00000000000083b5      0x1e5 build/Default/production/winc/driver/source/nmbus.o
 .debug_abbrev  0x000000000000859a      0x189 build/Default/production/winc/driver/source/nmdrv.o
 .debug_abbrev  0x0000000000008723      0x32d build/Default/production/winc/driver/source/nmspi.o
 .debug_abbrev  0x0000000000008a50      0x31e build/Default/production/winc/socket/source/socket.o
 .debug_abbrev  0x0000000000008d6e      0x279 build/Default/production/winc/spi_flash/source/spi_flash.o
 .debug_abbrev  0x0000000000008fe7      0x383 build/Default/production/application_manager.o
 .debug_abbrev  0x000000000000936a      0x19b build/Default/production/debug_print.o
 .debug_abbrev  0x0000000000009505      0x23f build/Default/production/led.o
 .debug_abbrev  0x0000000000009744      0x12f build/Default/production/main.o
 .debug_abbrev  0x0000000000009873      0x1f1 build/Default/production/sensors_handling.o
 .debug_abbrev  0x0000000000009a64       0x5b build/Default/production/atmel_start.o

.debug_line     0x0000000000000000     0xebf8
 *(.debug_line .debug_line.* .debug_line_end)
 .debug_line    0x0000000000000000      0x16f C:/Program Files/Microchip/xc8/v2.31/dfp/xc8/avr/lib/avrxmega3/crtatmega4808.o
 .debug_line    0x000000000000016f      0x533 build/Default/production/cli/cli.o
 .debug_line    0x00000000000006a2      0x81e build/Default/production/cloud/bsd_adapter/bsdWINC.o
 .debug_line    0x0000000000000ec0      0x17b build/Default/production/cloud/crypto_client/cryptoauthlib_main.o
 .debug_line    0x000000000000103b      0x311 build/Default/production/cloud/crypto_client/crypto_client.o
 .debug_line    0x000000000000134c      0x1f2 build/Default/production/cloud/mqtt_packetPopulation/mqtt_packetPopulate.o
 .debug_line    0x000000000000153e      0x660 build/Default/production/cloud/cloud_service.o
 .debug_line    0x0000000000001b9e      0x4a5 build/Default/production/cloud/wifi_service.o
 .debug_line    0x0000000000002043       0x69 build/Default/production/credentials_storage/credentials_storage.o
 .debug_line    0x00000000000020ac      0x455 build/Default/production/cryptoauthlib/lib/basic/atca_basic.o
 .debug_line    0x0000000000002501      0x19d build/Default/production/cryptoauthlib/lib/basic/atca_basic_genkey.o
 .debug_line    0x000000000000269e      0x1c2 build/Default/production/cryptoauthlib/lib/basic/atca_basic_lock.o
 .debug_line    0x0000000000002860      0x20d build/Default/production/cryptoauthlib/lib/basic/atca_basic_nonce.o
 .debug_line    0x0000000000002a6d      0x163 build/Default/production/cryptoauthlib/lib/basic/atca_basic_random.o
 .debug_line    0x0000000000002bd0      0x5d9 build/Default/production/cryptoauthlib/lib/basic/atca_basic_read.o
 .debug_line    0x00000000000031a9      0x1dd build/Default/production/cryptoauthlib/lib/basic/atca_basic_sign.o
 .debug_line    0x0000000000003386      0xa06 build/Default/production/cryptoauthlib/lib/basic/atca_helpers.o
 .debug_line    0x0000000000003d8c      0x2d3 build/Default/production/cryptoauthlib/lib/crypto/hashes/sha2_routines.o
 .debug_line    0x000000000000405f      0x1c9 build/Default/production/cryptoauthlib/lib/crypto/atca_crypto_sw_sha2.o
 .debug_line    0x0000000000004228      0x1af build/Default/production/cryptoauthlib/lib/hal/atca_hal.o
 .debug_line    0x00000000000043d7      0x2fe build/Default/production/cryptoauthlib/lib/hal/hal_atmega4809_i2c.o
 .debug_line    0x00000000000046d5      0x121 build/Default/production/cryptoauthlib/lib/hal/hal_atmega4809_timer.o
 .debug_line    0x00000000000047f6      0x4e0 build/Default/production/cryptoauthlib/lib/jwt/atca_jwt.o
 .debug_line    0x0000000000004cd6      0x88d build/Default/production/cryptoauthlib/lib/tls/atcatls.o
 .debug_line    0x0000000000005563      0x8cf build/Default/production/cryptoauthlib/lib/atca_command.o
 .debug_line    0x0000000000005e32      0x187 build/Default/production/cryptoauthlib/lib/atca_device.o
 .debug_line    0x0000000000005fb9      0x24a build/Default/production/cryptoauthlib/lib/atca_execution.o
 .debug_line    0x0000000000006203      0x291 build/Default/production/cryptoauthlib/lib/atca_iface.o
 .debug_line    0x0000000000006494      0x29a build/Default/production/mqtt/mqtt_comm_bsd/mqtt_comm_layer.o
 .debug_line    0x000000000000672e      0xbe0 build/Default/production/mqtt/mqtt_core/mqtt_core.o
 .debug_line    0x000000000000730e      0x1fa build/Default/production/mqtt/mqtt_exchange_buffer/mqtt_exchange_buffer.o
 .debug_line    0x0000000000007508      0x11a build/Default/production/mqtt/mqtt_packetTransfer_interface.o
 .debug_line    0x0000000000007622      0x402 build/Default/production/src/driver_init.o
 .debug_line    0x0000000000007a24      0x1ab build/Default/production/src/adc_basic.o
 .debug_line    0x0000000000007bcf       0x9d build/Default/production/src/bod.o
 .debug_line    0x0000000000007c6c       0xc8 build/Default/production/src/clkctrl.o
 .debug_line    0x0000000000007d34       0x81 build/Default/production/src/cpuint.o
 .debug_line    0x0000000000007db5      0x875 build/Default/production/src/i2c_master.o
 .debug_line    0x000000000000862a      0x4f3 build/Default/production/src/i2c_simple_master.o
 .debug_line    0x0000000000008b1d       0x9c build/Default/production/src/i2c_types.o
 .debug_line    0x0000000000008bb9       0x52 build/Default/production/src/protected_io.o
 .debug_line    0x0000000000008c0b      0x22d build/Default/production/src/pwm_basic.o
 .debug_line    0x0000000000008e38       0xb1 build/Default/production/src/slpctrl.o
 .debug_line    0x0000000000008ee9      0x1ae build/Default/production/src/spi_basic.o
 .debug_line    0x0000000000009097      0x63f build/Default/production/src/timeout.o
 .debug_line    0x00000000000096d6      0x35b build/Default/production/src/usart_basic.o
 .debug_line    0x0000000000009a31      0x28e build/Default/production/winc/bsp/source/nm_bsp_mega.o
 .debug_line    0x0000000000009cbf      0x299 build/Default/production/winc/bus_wrapper/source/nm_bus_wrapper_mega.o
 .debug_line    0x0000000000009f58      0x25d build/Default/production/winc/common/source/nm_common.o
 .debug_line    0x000000000000a1b5      0x699 build/Default/production/winc/driver/source/m2m_hif.o
 .debug_line    0x000000000000a84e      0xd7f build/Default/production/winc/driver/source/m2m_wifi.o
 .debug_line    0x000000000000b5cd      0x6fa build/Default/production/winc/driver/source/nmasic.o
 .debug_line    0x000000000000bcc7      0x228 build/Default/production/winc/driver/source/nmbus.o
 .debug_line    0x000000000000beef      0x418 build/Default/production/winc/driver/source/nmdrv.o
 .debug_line    0x000000000000c307      0x826 build/Default/production/winc/driver/source/nmspi.o
 .debug_line    0x000000000000cb2d      0xc2e build/Default/production/winc/socket/source/socket.o
 .debug_line    0x000000000000d75b      0x568 build/Default/production/winc/spi_flash/source/spi_flash.o
 .debug_line    0x000000000000dcc3      0x614 build/Default/production/application_manager.o
 .debug_line    0x000000000000e2d7      0x1af build/Default/production/debug_print.o
 .debug_line    0x000000000000e486      0x328 build/Default/production/led.o
 .debug_line    0x000000000000e7ae      0x1b0 build/Default/production/main.o
 .debug_line    0x000000000000e95e      0x23e build/Default/production/sensors_handling.o
 .debug_line    0x000000000000eb9c       0x5c build/Default/production/atmel_start.o

.debug_frame    0x0000000000000000     0x53c0
 *(.debug_frame)
 .debug_frame   0x0000000000000000      0x184 build/Default/production/cli/cli.o
 .debug_frame   0x0000000000000184      0x300 build/Default/production/cloud/bsd_adapter/bsdWINC.o
 .debug_frame   0x0000000000000484       0x24 build/Default/production/cloud/crypto_client/cryptoauthlib_main.o
 .debug_frame   0x00000000000004a8       0xd0 build/Default/production/cloud/crypto_client/crypto_client.o
 .debug_frame   0x0000000000000578       0x64 build/Default/production/cloud/mqtt_packetPopulation/mqtt_packetPopulate.o
 .debug_frame   0x00000000000005dc      0x10c build/Default/production/cloud/cloud_service.o
 .debug_frame   0x00000000000006e8      0x11c build/Default/production/cloud/wifi_service.o
 .debug_frame   0x0000000000000804       0x24 build/Default/production/credentials_storage/credentials_storage.o
 .debug_frame   0x0000000000000828      0x148 build/Default/production/cryptoauthlib/lib/basic/atca_basic.o
 .debug_frame   0x0000000000000970       0x64 build/Default/production/cryptoauthlib/lib/basic/atca_basic_genkey.o
 .debug_frame   0x00000000000009d4       0x90 build/Default/production/cryptoauthlib/lib/basic/atca_basic_lock.o
 .debug_frame   0x0000000000000a64       0x9c build/Default/production/cryptoauthlib/lib/basic/atca_basic_nonce.o
 .debug_frame   0x0000000000000b00       0x40 build/Default/production/cryptoauthlib/lib/basic/atca_basic_random.o
 .debug_frame   0x0000000000000b40      0x2dc build/Default/production/cryptoauthlib/lib/basic/atca_basic_read.o
 .debug_frame   0x0000000000000e1c       0x84 build/Default/production/cryptoauthlib/lib/basic/atca_basic_sign.o
 .debug_frame   0x0000000000000ea0      0x39c build/Default/production/cryptoauthlib/lib/basic/atca_helpers.o
 .debug_frame   0x000000000000123c      0x190 build/Default/production/cryptoauthlib/lib/crypto/hashes/sha2_routines.o
 .debug_frame   0x00000000000013cc       0x84 build/Default/production/cryptoauthlib/lib/crypto/atca_crypto_sw_sha2.o
 .debug_frame   0x0000000000001450       0x60 build/Default/production/cryptoauthlib/lib/hal/atca_hal.o
 .debug_frame   0x00000000000014b0      0x104 build/Default/production/cryptoauthlib/lib/hal/hal_atmega4809_i2c.o
 .debug_frame   0x00000000000015b4       0x34 build/Default/production/cryptoauthlib/lib/hal/hal_atmega4809_timer.o
 .debug_frame   0x00000000000015e8      0x1c8 build/Default/production/cryptoauthlib/lib/jwt/atca_jwt.o
 .debug_frame   0x00000000000017b0      0x580 build/Default/production/cryptoauthlib/lib/tls/atcatls.o
 .debug_frame   0x0000000000001d30      0x23c build/Default/production/cryptoauthlib/lib/atca_command.o
 .debug_frame   0x0000000000001f6c       0x68 build/Default/production/cryptoauthlib/lib/atca_device.o
 .debug_frame   0x0000000000001fd4       0x74 build/Default/production/cryptoauthlib/lib/atca_execution.o
 .debug_frame   0x0000000000002048      0x110 build/Default/production/cryptoauthlib/lib/atca_iface.o
 .debug_frame   0x0000000000002158       0x80 build/Default/production/mqtt/mqtt_comm_bsd/mqtt_comm_layer.o
 .debug_frame   0x00000000000021d8      0x224 build/Default/production/mqtt/mqtt_core/mqtt_core.o
 .debug_frame   0x00000000000023fc       0xbc build/Default/production/mqtt/mqtt_exchange_buffer/mqtt_exchange_buffer.o
 .debug_frame   0x00000000000024b8       0x34 build/Default/production/mqtt/mqtt_packetTransfer_interface.o
 .debug_frame   0x00000000000024ec       0x84 build/Default/production/src/driver_init.o
 .debug_frame   0x0000000000002570       0x94 build/Default/production/src/adc_basic.o
 .debug_frame   0x0000000000002604       0x24 build/Default/production/src/bod.o
 .debug_frame   0x0000000000002628       0x24 build/Default/production/src/clkctrl.o
 .debug_frame   0x000000000000264c       0x24 build/Default/production/src/cpuint.o
 .debug_frame   0x0000000000002670      0x2ac build/Default/production/src/i2c_master.o
 .debug_frame   0x000000000000291c      0x1e4 build/Default/production/src/i2c_simple_master.o
 .debug_frame   0x0000000000002b00       0x54 build/Default/production/src/i2c_types.o
 .debug_frame   0x0000000000002b54      0x124 build/Default/production/src/pwm_basic.o
 .debug_frame   0x0000000000002c78       0x34 build/Default/production/src/slpctrl.o
 .debug_frame   0x0000000000002cac       0x84 build/Default/production/src/spi_basic.o
 .debug_frame   0x0000000000002d30      0x258 build/Default/production/src/timeout.o
 .debug_frame   0x0000000000002f88      0x1b4 build/Default/production/src/usart_basic.o
 .debug_frame   0x000000000000313c       0xcc build/Default/production/winc/bsp/source/nm_bsp_mega.o
 .debug_frame   0x0000000000003208       0x8c build/Default/production/winc/bus_wrapper/source/nm_bus_wrapper_mega.o
 .debug_frame   0x0000000000003294       0xbc build/Default/production/winc/common/source/nm_common.o
 .debug_frame   0x0000000000003350      0x1ec build/Default/production/winc/driver/source/m2m_hif.o
 .debug_frame   0x000000000000353c      0xa34 build/Default/production/winc/driver/source/m2m_wifi.o
 .debug_frame   0x0000000000003f70      0x300 build/Default/production/winc/driver/source/nmasic.o
 .debug_frame   0x0000000000004270      0x164 build/Default/production/winc/driver/source/nmbus.o
 .debug_frame   0x00000000000043d4      0x110 build/Default/production/winc/driver/source/nmdrv.o
 .debug_frame   0x00000000000044e4      0x360 build/Default/production/winc/driver/source/nmspi.o
 .debug_frame   0x0000000000004844      0x4e4 build/Default/production/winc/socket/source/socket.o
 .debug_frame   0x0000000000004d28      0x2b8 build/Default/production/winc/spi_flash/source/spi_flash.o
 .debug_frame   0x0000000000004fe0       0xdc build/Default/production/application_manager.o
 .debug_frame   0x00000000000050bc       0x64 build/Default/production/debug_print.o
 .debug_frame   0x0000000000005120       0xd4 build/Default/production/led.o
 .debug_frame   0x00000000000051f4       0xd4 build/Default/production/main.o
 .debug_frame   0x00000000000052c8       0xd4 build/Default/production/sensors_handling.o
 .debug_frame   0x000000000000539c       0x24 build/Default/production/atmel_start.o

.debug_str      0x0000000000000000     0x2b71
 *(.debug_str)
 .debug_str     0x0000000000000000      0xecd C:/Program Files/Microchip/xc8/v2.31/dfp/xc8/avr/lib/avrxmega3/crtatmega4808.o
 .debug_str     0x0000000000000ecd       0xce build/Default/production/cli/cli.o
 .debug_str     0x0000000000000f9b       0x58 build/Default/production/cloud/bsd_adapter/bsdWINC.o
 .debug_str     0x0000000000000ff3       0x32 build/Default/production/cloud/crypto_client/cryptoauthlib_main.o
 .debug_str     0x0000000000001025       0x93 build/Default/production/cloud/crypto_client/crypto_client.o
 .debug_str     0x00000000000010b8       0x63 build/Default/production/cloud/mqtt_packetPopulation/mqtt_packetPopulate.o
 .debug_str     0x000000000000111b      0x23c build/Default/production/cloud/cloud_service.o
 .debug_str     0x0000000000001357      0x1c3 build/Default/production/cloud/wifi_service.o
 .debug_str     0x000000000000151a        0x0 build/Default/production/credentials_storage/credentials_storage.o
 .debug_str     0x000000000000151a       0x9d build/Default/production/cryptoauthlib/lib/basic/atca_basic.o
 .debug_str     0x00000000000015b7       0x30 build/Default/production/cryptoauthlib/lib/basic/atca_basic_genkey.o
 .debug_str     0x00000000000015e7       0x21 build/Default/production/cryptoauthlib/lib/basic/atca_basic_lock.o
 .debug_str     0x0000000000001608       0x25 build/Default/production/cryptoauthlib/lib/basic/atca_basic_nonce.o
 .debug_str     0x000000000000162d       0x1e build/Default/production/cryptoauthlib/lib/basic/atca_basic_random.o
 .debug_str     0x000000000000164b       0xc6 build/Default/production/cryptoauthlib/lib/basic/atca_basic_read.o
 .debug_str     0x0000000000001711       0x4b build/Default/production/cryptoauthlib/lib/basic/atca_basic_sign.o
 .debug_str     0x000000000000175c       0x7c build/Default/production/cryptoauthlib/lib/basic/atca_helpers.o
 .debug_str     0x00000000000017d8        0xc build/Default/production/cryptoauthlib/lib/crypto/hashes/sha2_routines.o
 .debug_str     0x00000000000017e4       0x3a build/Default/production/cryptoauthlib/lib/crypto/atca_crypto_sw_sha2.o
 .debug_str     0x000000000000181e       0x4f build/Default/production/cryptoauthlib/lib/hal/atca_hal.o
 .debug_str     0x000000000000186d       0x9d build/Default/production/cryptoauthlib/lib/hal/hal_atmega4809_i2c.o
 .debug_str     0x000000000000190a       0x26 build/Default/production/cryptoauthlib/lib/hal/hal_atmega4809_timer.o
 .debug_str     0x0000000000001930       0x6a build/Default/production/cryptoauthlib/lib/jwt/atca_jwt.o
 .debug_str     0x000000000000199a      0x1ff build/Default/production/cryptoauthlib/lib/tls/atcatls.o
 .debug_str     0x0000000000001b99       0x1a build/Default/production/cryptoauthlib/lib/atca_command.o
 .debug_str     0x0000000000001bb3       0x2f build/Default/production/cryptoauthlib/lib/atca_device.o
 .debug_str     0x0000000000001be2       0x5f build/Default/production/cryptoauthlib/lib/atca_execution.o
 .debug_str     0x0000000000001c41       0x7d build/Default/production/cryptoauthlib/lib/atca_iface.o
 .debug_str     0x0000000000001cbe       0x67 build/Default/production/mqtt/mqtt_comm_bsd/mqtt_comm_layer.o
 .debug_str     0x0000000000001d25      0x171 build/Default/production/mqtt/mqtt_core/mqtt_core.o
 .debug_str     0x0000000000001e96        0xe build/Default/production/mqtt/mqtt_exchange_buffer/mqtt_exchange_buffer.o
 .debug_str     0x0000000000001ea4        0x0 build/Default/production/mqtt/mqtt_packetTransfer_interface.o
 .debug_str     0x0000000000001ea4       0xaf build/Default/production/src/driver_init.o
 .debug_str     0x0000000000001f53        0x0 build/Default/production/src/adc_basic.o
 .debug_str     0x0000000000001f53        0x0 build/Default/production/src/bod.o
 .debug_str     0x0000000000001f53       0x13 build/Default/production/src/clkctrl.o
 .debug_str     0x0000000000001f66        0x0 build/Default/production/src/cpuint.o
 .debug_str     0x0000000000001f66        0x8 build/Default/production/src/i2c_master.o
 .debug_str     0x0000000000001f6e       0xa3 build/Default/production/src/i2c_simple_master.o
 .debug_str     0x0000000000002011        0x0 build/Default/production/src/i2c_types.o
 .debug_str     0x0000000000002011       0x5d build/Default/production/src/pwm_basic.o
 .debug_str     0x000000000000206e        0x0 build/Default/production/src/slpctrl.o
 .debug_str     0x000000000000206e        0x0 build/Default/production/src/spi_basic.o
 .debug_str     0x000000000000206e        0x6 build/Default/production/src/timeout.o
 .debug_str     0x0000000000002074        0x0 build/Default/production/src/usart_basic.o
 .debug_str     0x0000000000002074       0x27 build/Default/production/winc/bsp/source/nm_bsp_mega.o
 .debug_str     0x000000000000209b       0x55 build/Default/production/winc/bus_wrapper/source/nm_bus_wrapper_mega.o
 .debug_str     0x00000000000020f0        0xa build/Default/production/winc/common/source/nm_common.o
 .debug_str     0x00000000000020fa       0xb0 build/Default/production/winc/driver/source/m2m_hif.o
 .debug_str     0x00000000000021aa      0x259 build/Default/production/winc/driver/source/m2m_wifi.o
 .debug_str     0x0000000000002403       0x8d build/Default/production/winc/driver/source/nmasic.o
 .debug_str     0x0000000000002490       0xa0 build/Default/production/winc/driver/source/nmbus.o
 .debug_str     0x0000000000002530      0x125 build/Default/production/winc/driver/source/nmdrv.o
 .debug_str     0x0000000000002655       0x56 build/Default/production/winc/driver/source/nmspi.o
 .debug_str     0x00000000000026ab      0x166 build/Default/production/winc/socket/source/socket.o
 .debug_str     0x0000000000002811       0x87 build/Default/production/winc/spi_flash/source/spi_flash.o
 .debug_str     0x0000000000002898      0x180 build/Default/production/application_manager.o
 .debug_str     0x0000000000002a18        0x0 build/Default/production/debug_print.o
 .debug_str     0x0000000000002a18       0x40 build/Default/production/led.o
 .debug_str     0x0000000000002a58       0x93 build/Default/production/main.o
 .debug_str     0x0000000000002aeb       0x7a build/Default/production/sensors_handling.o
 .debug_str     0x0000000000002b65        0xc build/Default/production/atmel_start.o

.debug_loc      0x0000000000000000    0x16e41
 *(.debug_loc)
 .debug_loc     0x0000000000000000      0x386 build/Default/production/cli/cli.o
 .debug_loc     0x0000000000000386     0x1b66 build/Default/production/cloud/bsd_adapter/bsdWINC.o
 .debug_loc     0x0000000000001eec       0x13 build/Default/production/cloud/crypto_client/cryptoauthlib_main.o
 .debug_loc     0x0000000000001eff      0x29a build/Default/production/cloud/crypto_client/crypto_client.o
 .debug_loc     0x0000000000002199       0x9f build/Default/production/cloud/mqtt_packetPopulation/mqtt_packetPopulate.o
 .debug_loc     0x0000000000002238      0x308 build/Default/production/cloud/cloud_service.o
 .debug_loc     0x0000000000002540      0x28d build/Default/production/cloud/wifi_service.o
 .debug_loc     0x00000000000027cd      0x44f build/Default/production/cryptoauthlib/lib/basic/atca_basic.o
 .debug_loc     0x0000000000002c1c      0x1f3 build/Default/production/cryptoauthlib/lib/basic/atca_basic_genkey.o
 .debug_loc     0x0000000000002e0f      0x136 build/Default/production/cryptoauthlib/lib/basic/atca_basic_lock.o
 .debug_loc     0x0000000000002f45      0x472 build/Default/production/cryptoauthlib/lib/basic/atca_basic_nonce.o
 .debug_loc     0x00000000000033b7       0x94 build/Default/production/cryptoauthlib/lib/basic/atca_basic_random.o
 .debug_loc     0x000000000000344b      0xf45 build/Default/production/cryptoauthlib/lib/basic/atca_basic_read.o
 .debug_loc     0x0000000000004390      0x3ec build/Default/production/cryptoauthlib/lib/basic/atca_basic_sign.o
 .debug_loc     0x000000000000477c     0x1ddb build/Default/production/cryptoauthlib/lib/basic/atca_helpers.o
 .debug_loc     0x0000000000006557      0x8e5 build/Default/production/cryptoauthlib/lib/crypto/hashes/sha2_routines.o
 .debug_loc     0x0000000000006e3c      0x1f4 build/Default/production/cryptoauthlib/lib/crypto/atca_crypto_sw_sha2.o
 .debug_loc     0x0000000000007030      0x15b build/Default/production/cryptoauthlib/lib/hal/atca_hal.o
 .debug_loc     0x000000000000718b      0x32f build/Default/production/cryptoauthlib/lib/hal/hal_atmega4809_i2c.o
 .debug_loc     0x00000000000074ba      0x12a build/Default/production/cryptoauthlib/lib/hal/hal_atmega4809_timer.o
 .debug_loc     0x00000000000075e4      0x4d3 build/Default/production/cryptoauthlib/lib/jwt/atca_jwt.o
 .debug_loc     0x0000000000007ab7     0x1b90 build/Default/production/cryptoauthlib/lib/tls/atcatls.o
 .debug_loc     0x0000000000009647     0x1080 build/Default/production/cryptoauthlib/lib/atca_command.o
 .debug_loc     0x000000000000a6c7      0x16f build/Default/production/cryptoauthlib/lib/atca_device.o
 .debug_loc     0x000000000000a836      0x292 build/Default/production/cryptoauthlib/lib/atca_execution.o
 .debug_loc     0x000000000000aac8      0x3f2 build/Default/production/cryptoauthlib/lib/atca_iface.o
 .debug_loc     0x000000000000aeba      0x15c build/Default/production/mqtt/mqtt_comm_bsd/mqtt_comm_layer.o
 .debug_loc     0x000000000000b016      0xd3e build/Default/production/mqtt/mqtt_core/mqtt_core.o
 .debug_loc     0x000000000000bd54      0x3c7 build/Default/production/mqtt/mqtt_exchange_buffer/mqtt_exchange_buffer.o
 .debug_loc     0x000000000000c11b      0x8de build/Default/production/src/driver_init.o
 .debug_loc     0x000000000000c9f9       0x89 build/Default/production/src/adc_basic.o
 .debug_loc     0x000000000000ca82       0x29 build/Default/production/src/clkctrl.o
 .debug_loc     0x000000000000caab      0x53d build/Default/production/src/i2c_master.o
 .debug_loc     0x000000000000cfe8      0x923 build/Default/production/src/i2c_simple_master.o
 .debug_loc     0x000000000000d90b       0x98 build/Default/production/src/i2c_types.o
 .debug_loc     0x000000000000d9a3       0x21 build/Default/production/src/slpctrl.o
 .debug_loc     0x000000000000d9c4      0x181 build/Default/production/src/spi_basic.o
 .debug_loc     0x000000000000db45      0x91a build/Default/production/src/timeout.o
 .debug_loc     0x000000000000e45f       0xcb build/Default/production/src/usart_basic.o
 .debug_loc     0x000000000000e52a      0x304 build/Default/production/winc/bsp/source/nm_bsp_mega.o
 .debug_loc     0x000000000000e82e      0x454 build/Default/production/winc/bus_wrapper/source/nm_bus_wrapper_mega.o
 .debug_loc     0x000000000000ec82      0x6c8 build/Default/production/winc/common/source/nm_common.o
 .debug_loc     0x000000000000f34a      0x709 build/Default/production/winc/driver/source/m2m_hif.o
 .debug_loc     0x000000000000fa53     0x18f8 build/Default/production/winc/driver/source/m2m_wifi.o
 .debug_loc     0x000000000001134b      0x634 build/Default/production/winc/driver/source/nmasic.o
 .debug_loc     0x000000000001197f      0x71e build/Default/production/winc/driver/source/nmbus.o
 .debug_loc     0x000000000001209d      0x477 build/Default/production/winc/driver/source/nmdrv.o
 .debug_loc     0x0000000000012514     0x1258 build/Default/production/winc/driver/source/nmspi.o
 .debug_loc     0x000000000001376c     0x1ea5 build/Default/production/winc/socket/source/socket.o
 .debug_loc     0x0000000000015611      0xb33 build/Default/production/winc/spi_flash/source/spi_flash.o
 .debug_loc     0x0000000000016144      0x37c build/Default/production/application_manager.o
 .debug_loc     0x00000000000164c0      0x13a build/Default/production/debug_print.o
 .debug_loc     0x00000000000165fa      0x4ae build/Default/production/led.o
 .debug_loc     0x0000000000016aa8      0x208 build/Default/production/main.o
 .debug_loc     0x0000000000016cb0      0x191 build/Default/production/sensors_handling.o

.debug_macinfo
 *(.debug_macinfo)

.debug_weaknames
 *(.debug_weaknames)

.debug_funcnames
 *(.debug_funcnames)

.debug_typenames
 *(.debug_typenames)

.debug_varnames
 *(.debug_varnames)

.debug_pubtypes
 *(.debug_pubtypes)

.debug_ranges   0x0000000000000000     0x1fb8
 *(.debug_ranges)
 .debug_ranges  0x0000000000000000       0x98 build/Default/production/cli/cli.o
 .debug_ranges  0x0000000000000098      0x230 build/Default/production/cloud/bsd_adapter/bsdWINC.o
 .debug_ranges  0x00000000000002c8       0x10 build/Default/production/cloud/crypto_client/cryptoauthlib_main.o
 .debug_ranges  0x00000000000002d8       0x20 build/Default/production/cloud/crypto_client/crypto_client.o
 .debug_ranges  0x00000000000002f8       0x20 build/Default/production/cloud/mqtt_packetPopulation/mqtt_packetPopulate.o
 .debug_ranges  0x0000000000000318       0xc0 build/Default/production/cloud/cloud_service.o
 .debug_ranges  0x00000000000003d8       0x70 build/Default/production/cloud/wifi_service.o
 .debug_ranges  0x0000000000000448       0x10 build/Default/production/credentials_storage/credentials_storage.o
 .debug_ranges  0x0000000000000458       0x78 build/Default/production/cryptoauthlib/lib/basic/atca_basic.o
 .debug_ranges  0x00000000000004d0       0x20 build/Default/production/cryptoauthlib/lib/basic/atca_basic_genkey.o
 .debug_ranges  0x00000000000004f0       0x38 build/Default/production/cryptoauthlib/lib/basic/atca_basic_lock.o
 .debug_ranges  0x0000000000000528       0x28 build/Default/production/cryptoauthlib/lib/basic/atca_basic_nonce.o
 .debug_ranges  0x0000000000000550       0x10 build/Default/production/cryptoauthlib/lib/basic/atca_basic_random.o
 .debug_ranges  0x0000000000000560       0x58 build/Default/production/cryptoauthlib/lib/basic/atca_basic_read.o
 .debug_ranges  0x00000000000005b8       0x20 build/Default/production/cryptoauthlib/lib/basic/atca_basic_sign.o
 .debug_ranges  0x00000000000005d8      0x200 build/Default/production/cryptoauthlib/lib/basic/atca_helpers.o
 .debug_ranges  0x00000000000007d8       0x30 build/Default/production/cryptoauthlib/lib/crypto/hashes/sha2_routines.o
 .debug_ranges  0x0000000000000808       0x28 build/Default/production/cryptoauthlib/lib/crypto/atca_crypto_sw_sha2.o
 .debug_ranges  0x0000000000000830       0x20 build/Default/production/cryptoauthlib/lib/hal/atca_hal.o
 .debug_ranges  0x0000000000000850       0x58 build/Default/production/cryptoauthlib/lib/hal/hal_atmega4809_i2c.o
 .debug_ranges  0x00000000000008a8       0x18 build/Default/production/cryptoauthlib/lib/hal/hal_atmega4809_timer.o
 .debug_ranges  0x00000000000008c0       0x50 build/Default/production/cryptoauthlib/lib/jwt/atca_jwt.o
 .debug_ranges  0x0000000000000910       0xd8 build/Default/production/cryptoauthlib/lib/tls/atcatls.o
 .debug_ranges  0x00000000000009e8      0x130 build/Default/production/cryptoauthlib/lib/atca_command.o
 .debug_ranges  0x0000000000000b18       0x28 build/Default/production/cryptoauthlib/lib/atca_device.o
 .debug_ranges  0x0000000000000b40       0x18 build/Default/production/cryptoauthlib/lib/atca_execution.o
 .debug_ranges  0x0000000000000b58       0x60 build/Default/production/cryptoauthlib/lib/atca_iface.o
 .debug_ranges  0x0000000000000bb8       0x30 build/Default/production/mqtt/mqtt_comm_bsd/mqtt_comm_layer.o
 .debug_ranges  0x0000000000000be8      0x1b8 build/Default/production/mqtt/mqtt_core/mqtt_core.o
 .debug_ranges  0x0000000000000da0       0x28 build/Default/production/mqtt/mqtt_exchange_buffer/mqtt_exchange_buffer.o
 .debug_ranges  0x0000000000000dc8       0x18 build/Default/production/mqtt/mqtt_packetTransfer_interface.o
 .debug_ranges  0x0000000000000de0       0x40 build/Default/production/src/driver_init.o
 .debug_ranges  0x0000000000000e20       0x48 build/Default/production/src/adc_basic.o
 .debug_ranges  0x0000000000000e68       0x10 build/Default/production/src/bod.o
 .debug_ranges  0x0000000000000e78       0x10 build/Default/production/src/clkctrl.o
 .debug_ranges  0x0000000000000e88       0x10 build/Default/production/src/cpuint.o
 .debug_ranges  0x0000000000000e98      0x148 build/Default/production/src/i2c_master.o
 .debug_ranges  0x0000000000000fe0       0x70 build/Default/production/src/i2c_simple_master.o
 .debug_ranges  0x0000000000001050       0x28 build/Default/production/src/i2c_types.o
 .debug_ranges  0x0000000000001078       0x88 build/Default/production/src/pwm_basic.o
 .debug_ranges  0x0000000000001100       0x18 build/Default/production/src/slpctrl.o
 .debug_ranges  0x0000000000001118       0x40 build/Default/production/src/spi_basic.o
 .debug_ranges  0x0000000000001158      0x150 build/Default/production/src/timeout.o
 .debug_ranges  0x00000000000012a8       0x90 build/Default/production/src/usart_basic.o
 .debug_ranges  0x0000000000001338       0x58 build/Default/production/winc/bsp/source/nm_bsp_mega.o
 .debug_ranges  0x0000000000001390       0x68 build/Default/production/winc/bus_wrapper/source/nm_bus_wrapper_mega.o
 .debug_ranges  0x00000000000013f8       0x78 build/Default/production/winc/common/source/nm_common.o
 .debug_ranges  0x0000000000001470      0x158 build/Default/production/winc/driver/source/m2m_hif.o
 .debug_ranges  0x00000000000015c8      0x278 build/Default/production/winc/driver/source/m2m_wifi.o
 .debug_ranges  0x0000000000001840       0xb8 build/Default/production/winc/driver/source/nmasic.o
 .debug_ranges  0x00000000000018f8       0x80 build/Default/production/winc/driver/source/nmbus.o
 .debug_ranges  0x0000000000001978       0x38 build/Default/production/winc/driver/source/nmdrv.o
 .debug_ranges  0x00000000000019b0       0xf0 build/Default/production/winc/driver/source/nmspi.o
 .debug_ranges  0x0000000000001aa0      0x2a8 build/Default/production/winc/socket/source/socket.o
 .debug_ranges  0x0000000000001d48       0xb0 build/Default/production/winc/spi_flash/source/spi_flash.o
 .debug_ranges  0x0000000000001df8       0x88 build/Default/production/application_manager.o
 .debug_ranges  0x0000000000001e80       0x40 build/Default/production/debug_print.o
 .debug_ranges  0x0000000000001ec0       0x68 build/Default/production/led.o
 .debug_ranges  0x0000000000001f28       0x20 build/Default/production/main.o
 .debug_ranges  0x0000000000001f48       0x60 build/Default/production/sensors_handling.o
 .debug_ranges  0x0000000000001fa8       0x10 build/Default/production/atmel_start.o

.debug_macro
 *(.debug_macro)
OUTPUT(dist/Default/production/AVR_IOT_DISPENSER.X.production.elf elf32-avr)
LOAD linker stubs
LOAD data_init

.note.gnu.avr.deviceinfo
                0x0000000000000000       0x40
 .note.gnu.avr.deviceinfo
                0x0000000000000000       0x40 C:/Program Files/Microchip/xc8/v2.31/dfp/xc8/avr/lib/avrxmega3/crtatmega4808.o

.bss.test.6017  0x0000000000803161        0x1
 .bss.test.6017
                0x0000000000803161        0x1 build/Default/production/cli/cli.o

.bss.ateccsn    0x0000000000803147        0x2
 .bss.ateccsn   0x0000000000803147        0x2 build/Default/production/cli/cli.o

.bss.commandTooLongFlag
                0x0000000000803162        0x1
 .bss.commandTooLongFlag
                0x0000000000803162        0x1 build/Default/production/cli/cli.o

.bss.index      0x0000000000803163        0x1
 .bss.index     0x0000000000803163        0x1 build/Default/production/cli/cli.o

.bss.command    0x0000000000802dee       0x64
 .bss.command   0x0000000000802dee       0x64 build/Default/production/cli/cli.o

.bss.packetRecvInfo
                0x0000000000803149        0x2
 .bss.packetRecvInfo
                0x0000000000803149        0x2 build/Default/production/cloud/bsd_adapter/bsdWINC.o

.bss.bsdErrorNumber
                0x0000000000803164        0x1
 .bss.bsdErrorNumber
                0x0000000000803164        0x1 build/Default/production/cloud/bsd_adapter/bsdWINC.o

.bss.cryptoDeviceInitialized
                0x0000000000803165        0x1
 .bss.cryptoDeviceInitialized
                0x0000000000803165        0x1 build/Default/production/cloud/crypto_client/crypto_client.o
                0x0000000000803165                cryptoDeviceInitialized

.bss.cloudResetTimerFlag
                0x0000000000803167        0x1
 .bss.cloudResetTimerFlag
                0x0000000000803167        0x1 build/Default/production/cloud/cloud_service.o
                0x0000000000803167                cloudResetTimerFlag

.bss.isResetting
                0x0000000000803168        0x1
 .bss.isResetting
                0x0000000000803168        0x1 build/Default/production/cloud/cloud_service.o
                0x0000000000803168                isResetting

.bss.waitingForMQTT
                0x0000000000803169        0x1
 .bss.waitingForMQTT
                0x0000000000803169        0x1 build/Default/production/cloud/cloud_service.o

.bss.cloudInitialized
                0x000000000080316a        0x1
 .bss.cloudInitialized
                0x000000000080316a        0x1 build/Default/production/cloud/cloud_service.o

.bss.wifiConnectionStateChangedCallback
                0x000000000080314b        0x2
 .bss.wifiConnectionStateChangedCallback
                0x000000000080314b        0x2 build/Default/production/cloud/wifi_service.o
                0x000000000080314b                wifiConnectionStateChangedCallback

.bss.responseFromProvisionConnect
                0x000000000080316b        0x1
 .bss.responseFromProvisionConnect
                0x000000000080316b        0x1 build/Default/production/cloud/wifi_service.o

.bss._gDevice   0x000000000080314d        0x2
 .bss._gDevice  0x000000000080314d        0x2 build/Default/production/cryptoauthlib/lib/basic/atca_basic.o
                0x000000000080314d                _gDevice

.bss.mqttRxBuff
                0x0000000000802e52       0x64
 .bss.mqttRxBuff
                0x0000000000802e52       0x64 build/Default/production/mqtt/mqtt_comm_bsd/mqtt_comm_layer.o

.bss.mqttTxBuff
                0x0000000000802c5e      0x190
 .bss.mqttTxBuff
                0x0000000000802c5e      0x190 build/Default/production/mqtt/mqtt_comm_bsd/mqtt_comm_layer.o

.bss.mqttConn   0x0000000000803024       0x12
 .bss.mqttConn  0x0000000000803024       0x12 build/Default/production/mqtt/mqtt_comm_bsd/mqtt_comm_layer.o

.bss.mqttState  0x000000000080316d        0x1
 .bss.mqttState
                0x000000000080316d        0x1 build/Default/production/mqtt/mqtt_core/mqtt_core.o

.bss.connectTime
                0x0000000000803133        0x4
 .bss.connectTime
                0x0000000000803133        0x4 build/Default/production/mqtt/mqtt_core/mqtt_core.o
                0x0000000000803133                connectTime

.bss.unsubackTimeoutOccured
                0x000000000080316e        0x1
 .bss.unsubackTimeoutOccured
                0x000000000080316e        0x1 build/Default/production/mqtt/mqtt_core/mqtt_core.o

.bss.subackTimeoutOccured
                0x000000000080316f        0x1
 .bss.subackTimeoutOccured
                0x000000000080316f        0x1 build/Default/production/mqtt/mqtt_core/mqtt_core.o

.bss.pingrespTimeoutOccured
                0x0000000000803170        0x1
 .bss.pingrespTimeoutOccured
                0x0000000000803170        0x1 build/Default/production/mqtt/mqtt_core/mqtt_core.o

.bss.pingreqTimeoutOccured
                0x0000000000803171        0x1
 .bss.pingreqTimeoutOccured
                0x0000000000803171        0x1 build/Default/production/mqtt/mqtt_core/mqtt_core.o

.bss.connackTimeoutOccured
                0x0000000000803172        0x1
 .bss.connackTimeoutOccured
                0x0000000000803172        0x1 build/Default/production/mqtt/mqtt_core/mqtt_core.o

.bss.txUnsubscribePacket
                0x0000000000803062        0xd
 .bss.txUnsubscribePacket
                0x0000000000803062        0xd build/Default/production/mqtt/mqtt_core/mqtt_core.o

.bss.txSubscribePacket
                0x0000000000803046        0xe
 .bss.txSubscribePacket
                0x0000000000803046        0xe build/Default/production/mqtt/mqtt_core/mqtt_core.o

.bss.txPublishPacket
                0x0000000000803036       0x10
 .bss.txPublishPacket
                0x0000000000803036       0x10 build/Default/production/mqtt/mqtt_core/mqtt_core.o

.bss.txConnectPacket
                0x0000000000802fca       0x1d
 .bss.txConnectPacket
                0x0000000000802fca       0x1d build/Default/production/mqtt/mqtt_core/mqtt_core.o

.bss.mqttRxFlags
                0x0000000000803173        0x1
 .bss.mqttRxFlags
                0x0000000000803173        0x1 build/Default/production/mqtt/mqtt_core/mqtt_core.o

.bss.mqttTxFlags
                0x0000000000803174        0x1
 .bss.mqttTxFlags
                0x0000000000803174        0x1 build/Default/production/mqtt/mqtt_core/mqtt_core.o

.bss.I2C_0_status
                0x0000000000802f86       0x24
 .bss.I2C_0_status
                0x0000000000802f86       0x24 build/Default/production/src/i2c_master.o
                0x0000000000802f86                I2C_0_status

.bss.callback_count.3157
                0x0000000000803175        0x1
 .bss.callback_count.3157
                0x0000000000803175        0x1 build/Default/production/src/pwm_basic.o

.bss.SPI_0_desc
                0x0000000000803176        0x1
 .bss.SPI_0_desc
                0x0000000000803176        0x1 build/Default/production/src/spi_basic.o

.bss.scheduler_is_running
                0x0000000000803177        0x1
 .bss.scheduler_is_running
                0x0000000000803177        0x1 build/Default/production/src/timeout.o
                0x0000000000803177                scheduler_is_running

.bss.scheduler_last_timer_load
                0x0000000000803137        0x4
 .bss.scheduler_last_timer_load
                0x0000000000803137        0x4 build/Default/production/src/timeout.o
                0x0000000000803137                scheduler_last_timer_load

.bss.scheduler_absolute_time_of_last_timeout
                0x000000000080313b        0x4
 .bss.scheduler_absolute_time_of_last_timeout
                0x000000000080313b        0x4 build/Default/production/src/timeout.o
                0x000000000080313b                scheduler_absolute_time_of_last_timeout

.bss.scheduler_execute_queue_head
                0x000000000080314f        0x2
 .bss.scheduler_execute_queue_head
                0x000000000080314f        0x2 build/Default/production/src/timeout.o
                0x000000000080314f                scheduler_execute_queue_head

.bss.scheduler_list_head
                0x0000000000803151        0x2
 .bss.scheduler_list_head
                0x0000000000803151        0x2 build/Default/production/src/timeout.o
                0x0000000000803151                scheduler_list_head

.bss.USART_0_tx_elements
                0x0000000000803178        0x1
 .bss.USART_0_tx_elements
                0x0000000000803178        0x1 build/Default/production/src/usart_basic.o

.bss.USART_0_tx_tail
                0x0000000000803179        0x1
 .bss.USART_0_tx_tail
                0x0000000000803179        0x1 build/Default/production/src/usart_basic.o

.bss.USART_0_tx_head
                0x000000000080317a        0x1
 .bss.USART_0_tx_head
                0x000000000080317a        0x1 build/Default/production/src/usart_basic.o

.bss.USART_0_txbuf
                0x0000000000802faa       0x20
 .bss.USART_0_txbuf
                0x0000000000802faa       0x20 build/Default/production/src/usart_basic.o

.bss.USART_0_rx_elements
                0x000000000080317b        0x1
 .bss.USART_0_rx_elements
                0x000000000080317b        0x1 build/Default/production/src/usart_basic.o

.bss.USART_0_rx_tail
                0x000000000080317c        0x1
 .bss.USART_0_rx_tail
                0x000000000080317c        0x1 build/Default/production/src/usart_basic.o

.bss.USART_0_rx_head
                0x000000000080317d        0x1
 .bss.USART_0_rx_head
                0x000000000080317d        0x1 build/Default/production/src/usart_basic.o

.bss.USART_0_rxbuf
                0x0000000000802efc       0x40
 .bss.USART_0_rxbuf
                0x0000000000802efc       0x40 build/Default/production/src/usart_basic.o

.bss.gpfIsr     0x0000000000803157        0x2
 .bss.gpfIsr    0x0000000000803157        0x2 build/Default/production/winc/bsp/source/nm_bsp_mega.o

.bss.gpfAppWifiCb
                0x000000000080315b        0x2
 .bss.gpfAppWifiCb
                0x000000000080315b        0x2 build/Default/production/winc/driver/source/m2m_wifi.o

.bss.gu8scanInProgress
                0x000000000080317e        0x1
 .bss.gu8scanInProgress
                0x000000000080317e        0x1 build/Default/production/winc/driver/source/m2m_wifi.o

.bss.gu8ChNum   0x000000000080317f        0x1
 .bss.gu8ChNum  0x000000000080317f        0x1 build/Default/production/winc/driver/source/m2m_wifi.o

.bss.chipid.2327
                0x000000000080313f        0x4
 .bss.chipid.2327
                0x000000000080313f        0x4 build/Default/production/winc/driver/source/nmasic.o

.bss.gu8Crc_off
                0x0000000000803180        0x1
 .bss.gu8Crc_off
                0x0000000000803180        0x1 build/Default/production/winc/driver/source/nmspi.o

.bss.u8NextUdpSock.2798
                0x0000000000803181        0x1
 .bss.u8NextUdpSock.2798
                0x0000000000803181        0x1 build/Default/production/winc/socket/source/socket.o

.bss.u8NextTcpSock.2797
                0x0000000000803182        0x1
 .bss.u8NextTcpSock.2797
                0x0000000000803182        0x1 build/Default/production/winc/socket/source/socket.o

.bss.gbSocketInit
                0x0000000000803183        0x1
 .bss.gbSocketInit
                0x0000000000803183        0x1 build/Default/production/winc/socket/source/socket.o
                0x0000000000803183                gbSocketInit

.bss.gu16SessionID
                0x000000000080315d        0x2
 .bss.gu16SessionID
                0x000000000080315d        0x2 build/Default/production/winc/socket/source/socket.o
                0x000000000080315d                gu16SessionID

.bss.previousTransmissionTime.5931
                0x0000000000803143        0x4
 .bss.previousTransmissionTime.5931
                0x0000000000803143        0x4 build/Default/production/application_manager.o

.bss.debug_severity_filter
                0x0000000000803185        0x1
 .bss.debug_severity_filter
                0x0000000000803185        0x1 build/Default/production/debug_print.o

.bss.ledHeld    0x0000000000803186        0x1
 .bss.ledHeld   0x0000000000803186        0x1 build/Default/production/led.o

.bss.ledForDefaultCredentials
                0x0000000000803187        0x1
 .bss.ledForDefaultCredentials
                0x0000000000803187        0x1 build/Default/production/led.o

.bss.json.3200  0x0000000000802eb6       0x46
 .bss.json.3200
                0x0000000000802eb6       0x46 build/Default/production/main.o

.bss            0x000000000080315f        0x2
 .bss           0x000000000080315f        0x2 c:/program files/microchip/xc8/v2.31/avr/bin/../lib/gcc/avr/5.4.0/../../../../avr/lib/avrxmega3\libc.a(strtok.o)

progmem.data.crc7_syndrome_table
                0x0000000000000182      0x100
 progmem.data.crc7_syndrome_table
                0x0000000000000182      0x100 build/Default/production/winc/driver/source/nmspi.o

.text.sw_sha256_process
                0x0000000000000282      0x8ec
 .text.sw_sha256_process
                0x0000000000000282      0x8ec build/Default/production/cryptoauthlib/lib/crypto/hashes/sha2_routines.o

.text.MQTT_TransmissionHandler
                0x0000000000000b6e      0x5d6
 .text.MQTT_TransmissionHandler
                0x0000000000000b6e      0x5d6 build/Default/production/mqtt/mqtt_core/mqtt_core.o
                0x0000000000000b6e                MQTT_TransmissionHandler

.text.m2m_ip_cb
                0x0000000000001144      0x47a
 .text.m2m_ip_cb
                0x0000000000001144      0x47a build/Default/production/winc/socket/source/socket.o

.rodata         0x00000000008055be      0x422 load address 0x00000000000015be
 .rodata        0x00000000008055be      0x422 build/Default/production/cryptoauthlib/lib/tls/atcatls.o

.text.avrlibc   0x00000000000019e0      0x3c2